Archive member included because of file (symbol)

./../Platform/BSP/debug/libBSP_efm32_debug.a(BSP_LED.o)
                              C:/Users/BAS/XDK-Workspace/https/debug/objects/source/SystemStartup.o (BSP_LED_Connect)
./../Platform/BSP/debug/libBSP_efm32_debug.a(BSP_Board.o)
                              C:/Users/BAS/XDK-Workspace/https/debug/objects/source/SystemStartup.o (BSP_Board_OSTickInitialize)
./../Platform/BSP/debug/libBSP_efm32_debug.a(BSP_USB.o)
                              ./../Platform/BSP/debug/libBSP_efm32_debug.a(BSP_Board.o) (USB_init)
./../Platform/BSP/debug/libBSP_efm32_debug.a(BSP_DMA.o)
                              ./../Platform/BSP/debug/libBSP_efm32_debug.a(BSP_Board.o) (BSP_DMA_Initialize)
./../Platform/BSP/debug/libBSP_efm32_debug.a(BSP_IrqHandler.o)
                              ./../Platform/BSP/debug/libBSP_efm32_debug.a(BSP_Board.o) (IrqHandler_SysTickDummyHandler)
./../Platform/BSP/debug/libBSP_efm32_debug.a(BSP_ExtensionPort.o)
                              ./../Platform/BSP/debug/libBSP_efm32_debug.a(BSP_IrqHandler.o) (BSP_ExtensionPort_I2cIsr)
./../Platform/BSP/debug/libBSP_efm32_debug.a(BSP_WiFi_cc3100mod.o)
                              ./../Platform/BSP/debug/libBSP_efm32_debug.a(BSP_IrqHandler.o) (WiFi_CC3100MOD_SPIRxISR)
./../Platform/BSP/debug/libBSP_efm32_debug.a(BSP_BT_EM9301.o)
                              ./../Platform/BSP/debug/libBSP_efm32_debug.a(BSP_IrqHandler.o) (BT_EM9301_UART_TxISR)
./../Platform/BSP/debug/libBSP_efm32_debug.a(BSP_SensorNode.o)
                              ./../Platform/BSP/debug/libBSP_efm32_debug.a(BSP_IrqHandler.o) (SensorNode_I2CISR)
./../Platform/BSP/debug/libBSP_efm32_debug.a(BSP_SDCard.o)
                              ./../Platform/BSP/debug/libBSP_efm32_debug.a(BSP_IrqHandler.o) (SDCard_SPIRxISR)
./../Libraries/FreeRTOS/debug/libFreeRTOS_efm32_debug.a(tasks.o)
                              C:/Users/BAS/XDK-Workspace/https/debug/objects/Main.o (vTaskStartScheduler)
./../Libraries/FreeRTOS/debug/libFreeRTOS_efm32_debug.a(timers.o)
                              ./../Libraries/FreeRTOS/debug/libFreeRTOS_efm32_debug.a(tasks.o) (xTimerCreateTimerTask)
./../Libraries/FreeRTOS/debug/libFreeRTOS_efm32_debug.a(heap_4.o)
                              ./../Libraries/FreeRTOS/debug/libFreeRTOS_efm32_debug.a(tasks.o) (pvPortMalloc)
./../Libraries/FreeRTOS/debug/libFreeRTOS_efm32_debug.a(port.o)
                              ./../Libraries/FreeRTOS/debug/libFreeRTOS_efm32_debug.a(tasks.o) (pxPortInitialiseStack)
./../Libraries/FreeRTOS/debug/libFreeRTOS_efm32_debug.a(list.o)
                              ./../Libraries/FreeRTOS/debug/libFreeRTOS_efm32_debug.a(tasks.o) (vListInitialise)
./../Libraries/FreeRTOS/debug/libFreeRTOS_efm32_debug.a(queue.o)
                              ./../Libraries/FreeRTOS/debug/libFreeRTOS_efm32_debug.a(timers.o) (xQueueGenericCreate)
./../Libraries/EMlib/debug/libEMLib_efm32_debug.a(em_adc.o)
                              ./../Platform/BSP/debug/libBSP_efm32_debug.a(BSP_Board.o) (ADC_Init)
./../Libraries/EMlib/debug/libEMLib_efm32_debug.a(em_cmu.o)
                              ./../Platform/BSP/debug/libBSP_efm32_debug.a(BSP_Board.o) (CMU_ClockDivSet)
./../Libraries/EMlib/debug/libEMLib_efm32_debug.a(em_msc.o)
                              ./../Platform/BSP/debug/libBSP_efm32_debug.a(BSP_Board.o) (MSC_Init)
./../Libraries/EMlib/debug/libEMLib_efm32_debug.a(em_dma.o)
                              ./../Platform/BSP/debug/libBSP_efm32_debug.a(BSP_DMA.o) (DMA_Reset)
./../Libraries/EMlib/debug/libEMLib_efm32_debug.a(em_emu.o)
                              ./../Libraries/EMlib/debug/libEMLib_efm32_debug.a(em_cmu.o) (EMU_UpdateOscConfig)
./../Libraries/EMlib/debug/libEMLib_efm32_debug.a(em_gpio.o)
                              ./../Platform/BSP/debug/libBSP_efm32_debug.a(BSP_Board.o) (GPIO_DriveModeSet)
./../Libraries/EMlib/debug/libEMLib_efm32_debug.a(em_int.o)
                              C:/Users/BAS/XDK-Workspace/https/debug/objects/./../Libraries/EMlib/3rd-party/EMLib/usb/src/em_usbdint.o (INT_LockCnt)
./../Libraries/EMlib/debug/libEMLib_efm32_debug.a(em_i2c.o)
                              ./../Platform/BSP/debug/libBSP_efm32_debug.a(BSP_ExtensionPort.o) (I2C_Enable)
./../Libraries/EMlib/debug/libEMLib_efm32_debug.a(em_usart.o)
                              ./../Platform/BSP/debug/libBSP_efm32_debug.a(BSP_Board.o) (USART_BaudrateSyncSet)
./../Libraries/EMlib/debug/libEMLib_efm32_debug.a(em_system.o)
                              ./../Platform/BSP/debug/libBSP_efm32_debug.a(BSP_Board.o) (SYSTEM_ChipRevisionGet)
./../Libraries/EMlib/debug/libEMLib_efm32_debug.a(em_usbd.o)
                              C:/Users/BAS/XDK-Workspace/https/debug/objects/./../Libraries/EMlib/3rd-party/EMLib/usb/src/em_usbdint.o (dev)
./../Libraries/EMlib/debug/libEMLib_efm32_debug.a(em_usbhal.o)
[...]
Memory Configuration

Name             Origin             Length             Attributes
FLASH            0x00020200         0x000dfe00         xr
RAM              0x20000000         0x00020000         xrw
*default*        0x00000000         0xffffffff

Linker script and memory map

LOAD c:/xdk-workbench/xdk/armgcc/bin/../lib/gcc/arm-none-eabi/4.7.4/armv7-m/crti.o
LOAD c:/xdk-workbench/xdk/armgcc/bin/../lib/gcc/arm-none-eabi/4.7.4/armv7-m/crtbegin.o
LOAD c:/xdk-workbench/xdk/armgcc/bin/../lib/gcc/arm-none-eabi/4.7.4/../../../../arm-none-eabi/lib/armv7-m/crt0.o
LOAD C:/Users/BAS/XDK-Workspace/https/debug/objects/source/Assert.o
LOAD C:/Users/BAS/XDK-Workspace/https/debug/objects/source/RetargetStdio.o
LOAD C:/Users/BAS/XDK-Workspace/https/debug/objects/source/BleDeviceInfoService.o
LOAD C:/Users/BAS/XDK-Workspace/https/debug/objects/source/cJSON.o
LOAD C:/Users/BAS/XDK-Workspace/https/debug/objects/source/UsbResetUtility.o
LOAD C:/Users/BAS/XDK-Workspace/https/debug/objects/source/SensorHandle.o
LOAD C:/Users/BAS/XDK-Workspace/https/debug/objects/source/SystemStartup.o
LOAD C:/Users/BAS/XDK-Workspace/https/debug/objects/source/XdkVersion.o
LOAD C:/Users/BAS/XDK-Workspace/https/debug/objects/legacy/source/ServalPAL_WiFi.o
LOAD C:/Users/BAS/XDK-Workspace/https/debug/objects/./../Libraries/EMlib/3rd-party/EMLib/usb/src/em_usbdint.o
LOAD C:/Users/BAS/XDK-Workspace/https/debug/objects/Main.o
LOAD C:/Users/BAS/XDK-Workspace/https/debug/objects/https.o
LOAD C:/Users/BAS/XDK-Workspace/https/debug/objects/startup_efm32gg.o
START GROUP
LOAD ./../Platform/SensorUtils/debug/libSensorUtils_efm32_debug.a
LOAD ./../Platform/Sensors/debug/libSensors_efm32_debug.a
LOAD ./../Platform/BSP/debug/libBSP_efm32_debug.a
LOAD ./../Libraries/FreeRTOS/debug/libFreeRTOS_efm32_debug.a
LOAD ./../Libraries/EMlib/debug/libEMLib_efm32_debug.a
LOAD ./../Libraries/BSTLib/debug/libBSTLib_efm32_debug.a
LOAD ./../Libraries/WiFi/debug/libWiFi_efm32_debug.a
LOAD ./../Libraries/FATfs/debug/libFATfs_efm32_debug.a
LOAD ./../Platform/Essentials/release/libEssentials_efm32.a
LOAD ./../Platform/Utils/release/libUtils_efm32.a
LOAD ./../Platform/Drivers/release/libDrivers_efm32.a
LOAD ./../Platform/FOTA/release/libFOTA_efm32.a
LOAD ./../Platform/Wlan/release/libWlan_efm32.a
LOAD ./../Platform/BLE/release/libBLE_efm32.a
LOAD ./../Platform/SensorToolbox/release/libSensorToolbox_efm32.a
LOAD ./../Libraries/BLEStack/3rd-party/Alpwise/ALPW-BLESDKCM3/BLESW_AlertNotification/Libraries/BLESW_ANP_Server_CM3.a
LOAD ./../Libraries/BLEStack/3rd-party/Alpwise/ALPW-BLESDKCM3/BLESW_AlertNotification/Libraries/BLESW_ANP_Client_CM3.a
LOAD ./../Libraries/BLEStack/3rd-party/Alpwise/ALPW-BLESDKCM3/BLESW_ALPWDataExchange/Libraries/BLESW_ALPWDEP_Server_CM3.a
LOAD ./../Libraries/BLEStack/3rd-party/Alpwise/ALPW-BLESDKCM3/BLESW_ALPWDataExchange/Libraries/BLESW_ALPWDEP_Client_CM3.a
LOAD ./../Libraries/BLEStack/3rd-party/Alpwise/ALPW-BLESDKCM3/BLESW_AppleNotificationCenter/Libraries/BLESW_ANCP_Consumer_CM3.a
LOAD ./../Libraries/BLEStack/3rd-party/Alpwise/ALPW-BLESDKCM3/BLESW_BloodPressure/Libraries/BLESW_BLP_Sensor_CM3.a
LOAD ./../Libraries/BLEStack/3rd-party/Alpwise/ALPW-BLESDKCM3/BLESW_BloodPressure/Libraries/BLESW_BLP_Collector_CM3.a
LOAD ./../Libraries/BLEStack/3rd-party/Alpwise/ALPW-BLESDKCM3/BLESW_CoreStack/Libraries/BLESW_CPS_CM3.a
LOAD ./../Libraries/BLEStack/3rd-party/Alpwise/ALPW-BLESDKCM3/BLESW_CoreStack/Libraries/BLESW_CoreStack_CM3.a
LOAD ./../Libraries/BLEStack/3rd-party/Alpwise/ALPW-BLESDKCM3/BLESW_CoreStack/Libraries/BLESW_CSCS_CM3.a
LOAD ./../Libraries/BLEStack/3rd-party/Alpwise/ALPW-BLESDKCM3/BLESW_CoreStack/Libraries/BLESW_RTUS_CM3.a
LOAD ./../Libraries/BLEStack/3rd-party/Alpwise/ALPW-BLESDKCM3/BLESW_CoreStack/Libraries/BLESW_HRS_CM3.a
LOAD ./../Libraries/BLEStack/3rd-party/Alpwise/ALPW-BLESDKCM3/BLESW_CoreStack/Libraries/BLESW_CTS_CM3.a
LOAD ./../Libraries/BLEStack/3rd-party/Alpwise/ALPW-BLESDKCM3/BLESW_CoreStack/Libraries/BLESW_CoreStack_Monitor_CM3.a
LOAD ./../Libraries/BLEStack/3rd-party/Alpwise/ALPW-BLESDKCM3/BLESW_CoreStack/Libraries/BLESW_UDS_CM3.a
LOAD ./../Libraries/BLEStack/3rd-party/Alpwise/ALPW-BLESDKCM3/BLESW_CoreStack/Libraries/BLESW_NDCS_CM3.a
LOAD ./../Libraries/BLEStack/3rd-party/Alpwise/ALPW-BLESDKCM3/BLESW_CoreStack/Libraries/BLESW_TPS_CM3.a
LOAD ./../Libraries/BLEStack/3rd-party/Alpwise/ALPW-BLESDKCM3/BLESW_CoreStack/Libraries/BLESW_BLS_CM3.a
LOAD ./../Libraries/BLEStack/3rd-party/Alpwise/ALPW-BLESDKCM3/BLESW_CoreStack/Libraries/BLESW_LNS_CM3.a
LOAD ./../Libraries/BLEStack/3rd-party/Alpwise/ALPW-BLESDKCM3/BLESW_CoreStack/Libraries/BLESW_LLS_CM3.a
LOAD ./../Libraries/BLEStack/3rd-party/Alpwise/ALPW-BLESDKCM3/BLESW_CoreStack/Libraries/BLESW_WSS_CM3.a
LOAD ./../Libraries/BLEStack/3rd-party/Alpwise/ALPW-BLESDKCM3/BLESW_CoreStack/Libraries/BLESW_RSCS_CM3.a
LOAD ./../Libraries/BLEStack/3rd-party/Alpwise/ALPW-BLESDKCM3/BLESW_CoreStack/Libraries/BLESW_BAS_CM3.a
LOAD ./../Libraries/BLEStack/3rd-party/Alpwise/ALPW-BLESDKCM3/BLESW_CoreStack/Libraries/BLESW_IAS_CM3.a
LOAD ./../Libraries/BLEStack/3rd-party/Alpwise/ALPW-BLESDKCM3/BLESW_CoreStack/Libraries/BLESW_PASS_CM3.a
LOAD ./../Libraries/BLEStack/3rd-party/Alpwise/ALPW-BLESDKCM3/BLESW_CoreStack/Libraries/BLESW_HTS_CM3.a
LOAD ./../Libraries/BLEStack/3rd-party/Alpwise/ALPW-BLESDKCM3/BLESW_CoreStack/Libraries/BLESW_ALPWDES_CM3.a
LOAD ./../Libraries/BLEStack/3rd-party/Alpwise/ALPW-BLESDKCM3/BLESW_CoreStack/Libraries/BLESW_BCS_CM3.a
LOAD ./../Libraries/BLEStack/3rd-party/Alpwise/ALPW-BLESDKCM3/BLESW_CoreStack/Libraries/BLESW_ANS_CM3.a
LOAD ./../Libraries/BLEStack/3rd-party/Alpwise/ALPW-BLESDKCM3/BLESW_CoreStack/Libraries/BLESW_HIDS_CM3.a
LOAD ./../Libraries/BLEStack/3rd-party/Alpwise/ALPW-BLESDKCM3/BLESW_CoreStack/Libraries/BLESW_GLS_CM3.a
LOAD ./../Libraries/BLEStack/3rd-party/Alpwise/ALPW-BLESDKCM3/BLESW_CoreStack/Libraries/BLESW_NWAS_CM3.a
LOAD ./../Libraries/BLEStack/3rd-party/Alpwise/ALPW-BLESDKCM3/BLESW_CoreStack/Libraries/BLESW_DIS_CM3.a
LOAD ./../Libraries/BLEStack/3rd-party/Alpwise/ALPW-BLESDKCM3/BLESW_CyclingPower/Libraries/BLESW_CPP_Sensor_CM3.a
LOAD ./../Libraries/BLEStack/3rd-party/Alpwise/ALPW-BLESDKCM3/BLESW_CyclingPower/Libraries/BLESW_CPP_Collector_CM3.a
LOAD ./../Libraries/BLEStack/3rd-party/Alpwise/ALPW-BLESDKCM3/BLESW_CyclingSpeedAndCadence/Libraries/BLESW_CSCP_Sensor_CM3.a
LOAD ./../Libraries/BLEStack/3rd-party/Alpwise/ALPW-BLESDKCM3/BLESW_CyclingSpeedAndCadence/Libraries/BLESW_CSCP_Collector_CM3.a
LOAD ./../Libraries/BLEStack/3rd-party/Alpwise/ALPW-BLESDKCM3/BLESW_FindMe/Libraries/BLESW_FMP_Target_CM3.a
LOAD ./../Libraries/BLEStack/3rd-party/Alpwise/ALPW-BLESDKCM3/BLESW_FindMe/Libraries/BLESW_FMP_Locator_CM3.a
LOAD ./../Libraries/BLEStack/3rd-party/Alpwise/ALPW-BLESDKCM3/BLESW_Glucose/Libraries/BLESW_GLP_Sensor_CM3.a
LOAD ./../Libraries/BLEStack/3rd-party/Alpwise/ALPW-BLESDKCM3/BLESW_Glucose/Libraries/BLESW_GLP_Collector_CM3.a
LOAD ./../Libraries/BLEStack/3rd-party/Alpwise/ALPW-BLESDKCM3/BLESW_HealthThermometer/Libraries/BLESW_HTP_Thermometer_CM3.a
LOAD ./../Libraries/BLEStack/3rd-party/Alpwise/ALPW-BLESDKCM3/BLESW_HealthThermometer/Libraries/BLESW_HTP_Collector_CM3.a
LOAD ./../Libraries/BLEStack/3rd-party/Alpwise/ALPW-BLESDKCM3/BLESW_HeartRate/Libraries/BLESW_HRP_Sensor_CM3.a
LOAD ./../Libraries/BLEStack/3rd-party/Alpwise/ALPW-BLESDKCM3/BLESW_HeartRate/Libraries/BLESW_HRP_Collector_CM3.a
LOAD ./../Libraries/BLEStack/3rd-party/Alpwise/ALPW-BLESDKCM3/BLESW_HumanInterfaceDevice/Libraries/BLESW_HID_Device_CM3.a
LOAD ./../Libraries/BLEStack/3rd-party/Alpwise/ALPW-BLESDKCM3/BLESW_HumanInterfaceDevice/Libraries/BLESW_HID_Host_CM3.a
LOAD ./../Libraries/BLEStack/3rd-party/Alpwise/ALPW-BLESDKCM3/BLESW_iBeacon/Libraries/BLESW_IBN_Reporter_CM3.a
LOAD ./../Libraries/BLEStack/3rd-party/Alpwise/ALPW-BLESDKCM3/BLESW_LocationAndNavigation/Libraries/BLESW_LNP_Sensor_CM3.a
LOAD ./../Libraries/BLEStack/3rd-party/Alpwise/ALPW-BLESDKCM3/BLESW_LocationAndNavigation/Libraries/BLESW_LNP_Collector_CM3.a
LOAD ./../Libraries/BLEStack/3rd-party/Alpwise/ALPW-BLESDKCM3/BLESW_NetworkAvailability/Libraries/BLESW_NWAP_Monitor_CM3.a
LOAD ./../Libraries/BLEStack/3rd-party/Alpwise/ALPW-BLESDKCM3/BLESW_NetworkAvailability/Libraries/BLESW_NWAP_Reporter_CM3.a
LOAD ./../Libraries/BLEStack/3rd-party/Alpwise/ALPW-BLESDKCM3/BLESW_PhoneAlertStatus/Libraries/BLESW_PASP_Client_CM3.a
LOAD ./../Libraries/BLEStack/3rd-party/Alpwise/ALPW-BLESDKCM3/BLESW_PhoneAlertStatus/Libraries/BLESW_PASP_Server_CM3.a
LOAD ./../Libraries/BLEStack/3rd-party/Alpwise/ALPW-BLESDKCM3/BLESW_Proximity/Libraries/BLESW_PXP_Reporter_CM3.a
LOAD ./../Libraries/BLEStack/3rd-party/Alpwise/ALPW-BLESDKCM3/BLESW_Proximity/Libraries/BLESW_PXP_Monitor_CM3.a
LOAD ./../Libraries/BLEStack/3rd-party/Alpwise/ALPW-BLESDKCM3/BLESW_RunningSpeedAndCadence/Libraries/BLESW_RSCP_Sensor_CM3.a
LOAD ./../Libraries/BLEStack/3rd-party/Alpwise/ALPW-BLESDKCM3/BLESW_RunningSpeedAndCadence/Libraries/BLESW_RSCP_Collector_CM3.a
LOAD ./../Libraries/BLEStack/3rd-party/Alpwise/ALPW-BLESDKCM3/BLESW_Time/Libraries/BLESW_TIP_Server_CM3.a
LOAD ./../Libraries/BLEStack/3rd-party/Alpwise/ALPW-BLESDKCM3/BLESW_Time/Libraries/BLESW_TIP_Client_CM3.a
LOAD ./../Libraries/EMlib/3rd-party/EMLib/CMSIS/Lib/GCC/libarm_cortexM3l_math.a
LOAD ./../Libraries/BSX/BSX4/Source/algo/algo_bsx/Lib/libalgobsxm3/libalgobsx.a
LOAD ./../Platform/LoRaDrivers/release/libLoRaDrivers_efm32.a
LOAD ./../Platform/ServalPAL/release/libServalPal_efm32.a
LOAD ./../Libraries/Escrypt_CycurTLS/release/libEscrypt_CycurTLS_efm32.a
END GROUP
START GROUP
LOAD c:/xdk-workbench/xdk/armgcc/bin/../lib/gcc/arm-none-eabi/4.7.4/armv7-m\libgcc.a
LOAD c:/xdk-workbench/xdk/armgcc/bin/../lib/gcc/arm-none-eabi/4.7.4/../../../../arm-none-eabi/lib/armv7-m\libc.a
LOAD c:/xdk-workbench/xdk/armgcc/bin/../lib/gcc/arm-none-eabi/4.7.4/../../../../arm-none-eabi/lib/armv7-m\libm.a
END GROUP
START GROUP
LOAD c:/xdk-workbench/xdk/armgcc/bin/../lib/gcc/arm-none-eabi/4.7.4/armv7-m\libgcc.a
LOAD c:/xdk-workbench/xdk/armgcc/bin/../lib/gcc/arm-none-eabi/4.7.4/../../../../arm-none-eabi/lib/armv7-m\libc.a
END GROUP
LOAD c:/xdk-workbench/xdk/armgcc/bin/../lib/gcc/arm-none-eabi/4.7.4/armv7-m/crtend.o
LOAD c:/xdk-workbench/xdk/armgcc/bin/../lib/gcc/arm-none-eabi/4.7.4/armv7-m/crtn.o

.text           0x00020200    0x1f324
 *(.isr_vector)
 .isr_vector    0x00020200      0x100 C:/Users/BAS/XDK-Workspace/https/debug/objects/startup_efm32gg.o
                0x00020200                __isr_vector
 *(.text*)
 .text          0x00020300       0x54 c:/xdk-workbench/xdk/armgcc/bin/../lib/gcc/arm-none-eabi/4.7.4/armv7-m/crtbegin.o
 .text          0x00020354       0x70 c:/xdk-workbench/xdk/armgcc/bin/../lib/gcc/arm-none-eabi/4.7.4/../../../../arm-none-eabi/lib/armv7-m/crt0.o
                0x00020354                _start
                0x00020354                start
                0x00020354                _mainCRTStartup
 .text.Assert_Initialize
                0x000203c4       0x40 C:/Users/BAS/XDK-Workspace/https/debug/objects/source/Assert.o
                0x000203c4                Assert_Initialize
 .text.Assert_Dynamic
                0x00020404       0x2c C:/Users/BAS/XDK-Workspace/https/debug/objects/source/Assert.o
                0x00020404                Assert_Dynamic
 .text._close   0x00020430       0x18 C:/Users/BAS/XDK-Workspace/https/debug/objects/source/RetargetStdio.o
                0x00020430                _close
 .text._exit    0x00020448        0xc C:/Users/BAS/XDK-Workspace/https/debug/objects/source/RetargetStdio.o
                0x00020448                _exit
 .text._fstat   0x00020454       0x24 C:/Users/BAS/XDK-Workspace/https/debug/objects/source/RetargetStdio.o
                0x00020454                _fstat
 .text._isatty  0x00020478       0x18 C:/Users/BAS/XDK-Workspace/https/debug/objects/source/RetargetStdio.o
                0x00020478                _isatty
 .text._lseek   0x00020490       0x1c C:/Users/BAS/XDK-Workspace/https/debug/objects/source/RetargetStdio.o
                0x00020490                _lseek
 .text._read    0x000204ac       0x70 C:/Users/BAS/XDK-Workspace/https/debug/objects/source/RetargetStdio.o
                0x000204ac                _read
 .text._sbrk    0x0002051c       0xa0 C:/Users/BAS/XDK-Workspace/https/debug/objects/source/RetargetStdio.o
                0x0002051c                _sbrk
 .text._write   0x000205bc       0x20 C:/Users/BAS/XDK-Workspace/https/debug/objects/source/RetargetStdio.o
                0x000205bc                _write
 .text.NVIC_SystemReset
                0x000205dc       0x30 C:/Users/BAS/XDK-Workspace/https/debug/objects/source/UsbResetUtility.o
 .text.UsbResetUtility_SystemReset
                0x0002060c       0x10 C:/Users/BAS/XDK-Workspace/https/debug/objects/source/UsbResetUtility.o
 .text.UsbResetUtility_InteruptHandling
                0x0002061c       0x54 C:/Users/BAS/XDK-Workspace/https/debug/objects/source/UsbResetUtility.o
 .text.UsbResetUtility_Init
                0x00020670       0x40 C:/Users/BAS/XDK-Workspace/https/debug/objects/source/UsbResetUtility.o
                0x00020670                UsbResetUtility_Init
 .text.UsbResetUtility_UsbISRCallback
                0x000206b0      0x138 C:/Users/BAS/XDK-Workspace/https/debug/objects/source/UsbResetUtility.o
                0x000206b0                UsbResetUtility_UsbISRCallback
 .text.Retcode_GetPackage
                0x000207e8       0x1c C:/Users/BAS/XDK-Workspace/https/debug/objects/source/SystemStartup.o
 .text.Retcode_GetModuleId
                0x00020804       0x1c C:/Users/BAS/XDK-Workspace/https/debug/objects/source/SystemStartup.o
 .text.Retcode_GetSeverity
                0x00020820       0x24 C:/Users/BAS/XDK-Workspace/https/debug/objects/source/SystemStartup.o
 .text.Retcode_GetCode
                0x00020844       0x20 C:/Users/BAS/XDK-Workspace/https/debug/objects/source/SystemStartup.o
 .text.bleGetMacAddress
                0x00020864       0xec C:/Users/BAS/XDK-Workspace/https/debug/objects/source/SystemStartup.o
 .text.SysTickPreCallback
                0x00020950       0x14 C:/Users/BAS/XDK-Workspace/https/debug/objects/source/SystemStartup.o
 .text.DefaultErrorHandlingFunc
                0x00020964       0xf4 C:/Users/BAS/XDK-Workspace/https/debug/objects/source/SystemStartup.o
                0x00020964                DefaultErrorHandlingFunc
 .text.assertIndicationMapping
                0x00020a58       0x44 C:/Users/BAS/XDK-Workspace/https/debug/objects/source/SystemStartup.o
                0x00020a58                assertIndicationMapping
 .text.systemStartup
                0x00020a9c      0x154 C:/Users/BAS/XDK-Workspace/https/debug/objects/source/SystemStartup.o
                0x00020a9c                systemStartup
 .text.vApplicationStackOverflowHook
                0x00020bf0       0x5c C:/Users/BAS/XDK-Workspace/https/debug/objects/source/SystemStartup.o
                0x00020bf0                vApplicationStackOverflowHook
 .text.vApplicationMallocFailedHook
                0x00020c4c       0x14 C:/Users/BAS/XDK-Workspace/https/debug/objects/source/SystemStartup.o
                0x00020c4c                vApplicationMallocFailedHook
 .text.ServalPalSetup
                0x00020c60       0x50 C:/Users/BAS/XDK-Workspace/https/debug/objects/legacy/source/ServalPAL_WiFi.o
 .text.PAL_initialize
                0x00020cb0       0x30 C:/Users/BAS/XDK-Workspace/https/debug/objects/legacy/source/ServalPAL_WiFi.o
                0x00020cb0                PAL_initialize
 .text.PAL_getIpaddress
                0x00020ce0       0x40 C:/Users/BAS/XDK-Workspace/https/debug/objects/legacy/source/ServalPAL_WiFi.o
                0x00020ce0                PAL_getIpaddress
 .text.PAL_socketMonitorInit
                0x00020d20       0x48 C:/Users/BAS/XDK-Workspace/https/debug/objects/legacy/source/ServalPAL_WiFi.o
                0x00020d20                PAL_socketMonitorInit
 .text.INT_Disable
                0x00020d68       0x40 C:/Users/BAS/XDK-Workspace/https/debug/objects/./../Libraries/EMlib/3rd-party/EMLib/usb/src/em_usbdint.o
 .text.INT_Enable
                0x00020da8       0x54 C:/Users/BAS/XDK-Workspace/https/debug/objects/./../Libraries/EMlib/3rd-party/EMLib/usb/src/em_usbdint.o
 .text.USBHAL_FlushTxFifo
                0x00020dfc       0x4c C:/Users/BAS/XDK-Workspace/https/debug/objects/./../Libraries/EMlib/3rd-party/EMLib/usb/src/em_usbdint.o
 .text.USBHAL_GetCoreInts
                0x00020e48       0x40 C:/Users/BAS/XDK-Workspace/https/debug/objects/./../Libraries/EMlib/3rd-party/EMLib/usb/src/em_usbdint.o
 .text.USBDHAL_EnableInts
                0x00020e88       0x70 C:/Users/BAS/XDK-Workspace/https/debug/objects/./../Libraries/EMlib/3rd-party/EMLib/usb/src/em_usbdint.o
 .text.USBDHAL_Ep0Activate
                0x00020ef8       0x70 C:/Users/BAS/XDK-Workspace/https/debug/objects/./../Libraries/EMlib/3rd-party/EMLib/usb/src/em_usbdint.o
 .text.USBDHAL_GetAllInEpInts
                0x00020f68       0x48 C:/Users/BAS/XDK-Workspace/https/debug/objects/./../Libraries/EMlib/3rd-party/EMLib/usb/src/em_usbdint.o
 .text.USBDHAL_GetAllOutEpInts
                0x00020fb0       0x44 C:/Users/BAS/XDK-Workspace/https/debug/objects/./../Libraries/EMlib/3rd-party/EMLib/usb/src/em_usbdint.o
 .text.USBDHAL_GetInEpInts
                0x00020ff4       0x44 C:/Users/BAS/XDK-Workspace/https/debug/objects/./../Libraries/EMlib/3rd-party/EMLib/usb/src/em_usbdint.o
 .text.USBDHAL_GetOutEpInts
                0x00021038       0x44 C:/Users/BAS/XDK-Workspace/https/debug/objects/./../Libraries/EMlib/3rd-party/EMLib/usb/src/em_usbdint.o
 .text.USBDHAL_StartEp0Setup
                0x0002107c       0x88 C:/Users/BAS/XDK-Workspace/https/debug/objects/./../Libraries/EMlib/3rd-party/EMLib/usb/src/em_usbdint.o
 .text.USBD_GetEpFromAddr
                0x00021104       0xa0 C:/Users/BAS/XDK-Workspace/https/debug/objects/./../Libraries/EMlib/3rd-party/EMLib/usb/src/em_usbdint.o
 .text.USB_IRQHandler
                0x000211a4      0x16c C:/Users/BAS/XDK-Workspace/https/debug/objects/./../Libraries/EMlib/3rd-party/EMLib/usb/src/em_usbdint.o
                0x000211a4                USB_IRQHandler
 .text.Handle_USB_GINTSTS_ENUMDONE
                0x00021310       0x3c C:/Users/BAS/XDK-Workspace/https/debug/objects/./../Libraries/EMlib/3rd-party/EMLib/usb/src/em_usbdint.o
 .text.Handle_USB_GINTSTS_IEPINT
                0x0002134c      0x118 C:/Users/BAS/XDK-Workspace/https/debug/objects/./../Libraries/EMlib/3rd-party/EMLib/usb/src/em_usbdint.o
 .text.Handle_USB_GINTSTS_OEPINT
                0x00021464      0x230 C:/Users/BAS/XDK-Workspace/https/debug/objects/./../Libraries/EMlib/3rd-party/EMLib/usb/src/em_usbdint.o
 .text.Handle_USB_GINTSTS_RESETDET
                0x00021694       0x40 C:/Users/BAS/XDK-Workspace/https/debug/objects/./../Libraries/EMlib/3rd-party/EMLib/usb/src/em_usbdint.o
 .text.Handle_USB_GINTSTS_SOF
                0x000216d4       0x64 C:/Users/BAS/XDK-Workspace/https/debug/objects/./../Libraries/EMlib/3rd-party/EMLib/usb/src/em_usbdint.o
 .text.Handle_USB_GINTSTS_USBRST
                0x00021738      0x150 C:/Users/BAS/XDK-Workspace/https/debug/objects/./../Libraries/EMlib/3rd-party/EMLib/usb/src/em_usbdint.o
 .text.Handle_USB_GINTSTS_USBSUSP
                0x00021888       0x68 C:/Users/BAS/XDK-Workspace/https/debug/objects/./../Libraries/EMlib/3rd-party/EMLib/usb/src/em_usbdint.o
 .text.Handle_USB_GINTSTS_WKUPINT
                0x000218f0       0x30 C:/Users/BAS/XDK-Workspace/https/debug/objects/./../Libraries/EMlib/3rd-party/EMLib/usb/src/em_usbdint.o
 .text.main     0x00021920       0xa8 C:/Users/BAS/XDK-Workspace/https/debug/objects/Main.o
                0x00021920                main
 .text.flashCertificate
                0x000219c8       0x84 C:/Users/BAS/XDK-Workspace/https/debug/objects/https.o
                0x000219c8                flashCertificate
 .text.sendGetRequest
                0x00021a4c      0x1d0 C:/Users/BAS/XDK-Workspace/https/debug/objects/https.o
                0x00021a4c                sendGetRequest
 .text.connectServerSecure
                0x00021c1c       0xa8 C:/Users/BAS/XDK-Workspace/https/debug/objects/https.o
                0x00021c1c                connectServerSecure
 .text.networkSetup
                0x00021cc4       0x44 C:/Users/BAS/XDK-Workspace/https/debug/objects/https.o
                0x00021cc4                networkSetup
 .text.appInitSystem
                0x00021d08       0x48 C:/Users/BAS/XDK-Workspace/https/debug/objects/https.o
                0x00021d08                appInitSystem
 .text          0x00021d50       0x98 C:/Users/BAS/XDK-Workspace/https/debug/objects/startup_efm32gg.o
                0x00021d50                Reset_Handler
                0x00021d84                Default_Handler
                0x00021d86                NMI_Handler
                0x00021d88                HardFault_Handler
                0x00021d8a                MemManage_Handler
                0x00021d8c                BusFault_Handler
                0x00021d8e                UsageFault_Handler
                0x00021d92                DebugMon_Handler
                0x00021d9c                TIMER0_IRQHandler
                0x00021da2                ACMP0_IRQHandler
                0x00021da6                ADC0_IRQHandler
                0x00021da8                DAC0_IRQHandler
                0x00021db0                TIMER1_IRQHandler
                0x00021db2                TIMER2_IRQHandler
                0x00021db4                TIMER3_IRQHandler
                0x00021dba                LESENSE_IRQHandler
                0x00021dc8                LEUART0_IRQHandler
                0x00021dca                LEUART1_IRQHandler
                0x00021dcc                LETIMER0_IRQHandler
                0x00021dce                PCNT0_IRQHandler
                0x00021dd0                PCNT1_IRQHandler
                0x00021dd2                PCNT2_IRQHandler
                0x00021dd6                BURTC_IRQHandler
                0x00021dd8                CMU_IRQHandler
                0x00021dda                VCMP_IRQHandler
                0x00021ddc                LCD_IRQHandler
                0x00021dde                MSC_IRQHandler
                0x00021de0                AES_IRQHandler
                0x00021de2                EBI_IRQHandler
                0x00021de4                EMU_IRQHandler
 .text.GPIO_PinOutClear
                0x00021de8       0x4c ./../Platform/BSP/debug/libBSP_efm32_debug.a(BSP_LED.o)
 .text.GPIO_PinOutSet
                0x00021e34       0x4c ./../Platform/BSP/debug/libBSP_efm32_debug.a(BSP_LED.o)
 .text.GPIO_PinOutToggle
                0x00021e80       0x4c ./../Platform/BSP/debug/libBSP_efm32_debug.a(BSP_LED.o)
 .text.BSP_LED_Connect
                0x00021ecc       0x48 ./../Platform/BSP/debug/libBSP_efm32_debug.a(BSP_LED.o)
                0x00021ecc                BSP_LED_Connect
 .text.BSP_LED_EnableAll
                0x00021f14       0x3c ./../Platform/BSP/debug/libBSP_efm32_debug.a(BSP_LED.o)
                0x00021f14                BSP_LED_EnableAll
 .text.BSP_LED_Switch
                0x00021f50      0x15c ./../Platform/BSP/debug/libBSP_efm32_debug.a(BSP_LED.o)
                0x00021f50                BSP_LED_Switch
 .text.BSP_LED_SwitchAll
                0x000220ac       0xd0 ./../Platform/BSP/debug/libBSP_efm32_debug.a(BSP_LED.o)
                0x000220ac                BSP_LED_SwitchAll
 .text.NVIC_SetPriorityGrouping
                0x0002217c       0x50 ./../Platform/BSP/debug/libBSP_efm32_debug.a(BSP_Board.o)
 .text.NVIC_EnableIRQ
                0x000221cc       0x38 ./../Platform/BSP/debug/libBSP_efm32_debug.a(BSP_Board.o)
 .text.NVIC_DisableIRQ
                0x00022204       0x3c ./../Platform/BSP/debug/libBSP_efm32_debug.a(BSP_Board.o)
 .text.NVIC_ClearPendingIRQ
                0x00022240       0x3c ./../Platform/BSP/debug/libBSP_efm32_debug.a(BSP_Board.o)
 .text.NVIC_SetPriority
                0x0002227c       0x5c ./../Platform/BSP/debug/libBSP_efm32_debug.a(BSP_Board.o)
 .text.SysTick_Config
                0x000222d8       0x64 ./../Platform/BSP/debug/libBSP_efm32_debug.a(BSP_Board.o)
 .text.CHIP_Init
                0x0002233c       0x50 ./../Platform/BSP/debug/libBSP_efm32_debug.a(BSP_Board.o)
 .text.GPIO_PinOutClear
                0x0002238c       0x4c ./../Platform/BSP/debug/libBSP_efm32_debug.a(BSP_Board.o)
 .text.GPIO_PinOutSet
                0x000223d8       0x4c ./../Platform/BSP/debug/libBSP_efm32_debug.a(BSP_Board.o)
 .text.INT_Disable
                0x00022424       0x40 ./../Platform/BSP/debug/libBSP_efm32_debug.a(BSP_Board.o)
 .text.INT_Enable
                0x00022464       0x54 ./../Platform/BSP/debug/libBSP_efm32_debug.a(BSP_Board.o)
 .text.BSP_Board_OSTickInitialize
                0x000224b8       0x2c ./../Platform/BSP/debug/libBSP_efm32_debug.a(BSP_Board.o)
                0x000224b8                BSP_Board_OSTickInitialize
 .text.BSP_Board_Initialize
                0x000224e4      0x150 ./../Platform/BSP/debug/libBSP_efm32_debug.a(BSP_Board.o)
                0x000224e4                BSP_Board_Initialize
 .text.BSP_Board_Delay
                0x00022634       0x30 ./../Platform/BSP/debug/libBSP_efm32_debug.a(BSP_Board.o)
                0x00022634                BSP_Board_Delay
 .text.BSP_Board_SetOStoBSPDelayFunc
                0x00022664       0x20 ./../Platform/BSP/debug/libBSP_efm32_debug.a(BSP_Board.o)
                0x00022664                BSP_Board_SetOStoBSPDelayFunc
 .text.Board_GPIOInterruptInit
                0x00022684       0x30 ./../Platform/BSP/debug/libBSP_efm32_debug.a(BSP_Board.o)
                0x00022684                Board_GPIOInterruptInit
 .text.Board_GPIOInterruptRegisterCallback
                0x000226b4       0x38 ./../Platform/BSP/debug/libBSP_efm32_debug.a(BSP_Board.o)
                0x000226b4                Board_GPIOInterruptRegisterCallback
 .text.Board_GPIOInterruptDispatch
                0x000226ec       0x64 ./../Platform/BSP/debug/libBSP_efm32_debug.a(BSP_Board.o)
                0x000226ec                Board_GPIOInterruptDispatch
 .text.Board_UART0_UART_Init
                0x00022750       0xcc ./../Platform/BSP/debug/libBSP_efm32_debug.a(BSP_Board.o)
                0x00022750                Board_UART0_UART_Init
 .text.Board_UART1_UART_Init
                0x0002281c       0xcc ./../Platform/BSP/debug/libBSP_efm32_debug.a(BSP_Board.o)
                0x0002281c                Board_UART1_UART_Init
 .text.Board_USART0_SPI_Init
                0x000228e8       0xa8 ./../Platform/BSP/debug/libBSP_efm32_debug.a(BSP_Board.o)
                0x000228e8                Board_USART0_SPI_Init
 .text.Board_USART1_SPI_Init
                0x00022990       0x8c ./../Platform/BSP/debug/libBSP_efm32_debug.a(BSP_Board.o)
                0x00022990                Board_USART1_SPI_Init
 .text.Board_GPIO_Init
                0x00022a1c       0x6c ./../Platform/BSP/debug/libBSP_efm32_debug.a(BSP_Board.o)
                0x00022a1c                Board_GPIO_Init
 .text.Board_WakeupPowerSupply2V5
                0x00022a88       0x50 ./../Platform/BSP/debug/libBSP_efm32_debug.a(BSP_Board.o)
                0x00022a88                Board_WakeupPowerSupply2V5
 .text.Board_SnoozePowerSupply2V5
                0x00022ad8       0x4c ./../Platform/BSP/debug/libBSP_efm32_debug.a(BSP_Board.o)
                0x00022ad8                Board_SnoozePowerSupply2V5
 .text.PowerSupply2V5UpdateRegister
                0x00022b24      0x268 ./../Platform/BSP/debug/libBSP_efm32_debug.a(BSP_Board.o)
                0x00022b24                PowerSupply2V5UpdateRegister
 .text.Board_ADC_Init
                0x00022d8c       0x78 ./../Platform/BSP/debug/libBSP_efm32_debug.a(BSP_Board.o)
                0x00022d8c                Board_ADC_Init
 .text.Board_I2C0_Init
                0x00022e04       0x54 ./../Platform/BSP/debug/libBSP_efm32_debug.a(BSP_Board.o)
                0x00022e04                Board_I2C0_Init
 .text.Board_I2C1_Init
                0x00022e58       0x54 ./../Platform/BSP/debug/libBSP_efm32_debug.a(BSP_Board.o)
                0x00022e58                Board_I2C1_Init
 .text.Board_USB_Init
                0x00022eac       0x70 ./../Platform/BSP/debug/libBSP_efm32_debug.a(BSP_Board.o)
                0x00022eac                Board_USB_Init
 .text.Board_IncTick
                0x00022f1c       0x24 ./../Platform/BSP/debug/libBSP_efm32_debug.a(BSP_Board.o)
                0x00022f1c                Board_IncTick
 .text.Board_GetTick
                0x00022f40       0x18 ./../Platform/BSP/debug/libBSP_efm32_debug.a(BSP_Board.o)
                0x00022f40                Board_GetTick
 .text.Board_Delay
                0x00022f58       0x30 ./../Platform/BSP/debug/libBSP_efm32_debug.a(BSP_Board.o)
                0x00022f58                Board_Delay
 .text.Board_RTC_Init
                0x00022f88       0xa0 ./../Platform/BSP/debug/libBSP_efm32_debug.a(BSP_Board.o)
                0x00022f88                Board_RTC_Init
 .text.Board_BURTC_Init
                0x00023028       0x28 ./../Platform/BSP/debug/libBSP_efm32_debug.a(BSP_Board.o)
                0x00023028                Board_BURTC_Init
 .text.BSP_Board_EnableSysTick
                0x00023050       0x38 ./../Platform/BSP/debug/libBSP_efm32_debug.a(BSP_Board.o)
                0x00023050                BSP_Board_EnableSysTick
 .text.USB_setSerialNumber
                0x00023088       0x7c ./../Platform/BSP/debug/libBSP_efm32_debug.a(BSP_USB.o)
 .text.USB_dataReceivedCallback
                0x00023104       0x98 ./../Platform/BSP/debug/libBSP_efm32_debug.a(BSP_USB.o)
 .text.USB_dataTransferred
                0x0002319c       0x4c ./../Platform/BSP/debug/libBSP_efm32_debug.a(BSP_USB.o)
 .text.USB_stateChange
                0x000231e8       0x58 ./../Platform/BSP/debug/libBSP_efm32_debug.a(BSP_USB.o)
                0x000231e8                USB_stateChange
 .text.USB_setupCommand
                0x00023240      0x108 ./../Platform/BSP/debug/libBSP_efm32_debug.a(BSP_USB.o)
                0x00023240                USB_setupCommand
 .text.USB_init
                0x00023348       0xd0 ./../Platform/BSP/debug/libBSP_efm32_debug.a(BSP_USB.o)
                0x00023348                USB_init
 .text.USB_receiveByte
                0x00023418       0xa0 ./../Platform/BSP/debug/libBSP_efm32_debug.a(BSP_USB.o)
                0x00023418                USB_receiveByte
 .text.RETARGET_WriteChar
                0x000234b8       0x2c ./../Platform/BSP/debug/libBSP_efm32_debug.a(BSP_USB.o)
                0x000234b8                RETARGET_WriteChar
 .text.USB_transmitData
                0x000234e4       0xc4 ./../Platform/BSP/debug/libBSP_efm32_debug.a(BSP_USB.o)
                0x000234e4                USB_transmitData
 .text.RETARGET_ReadChar
                0x000235a8       0x24 ./../Platform/BSP/debug/libBSP_efm32_debug.a(BSP_USB.o)
                0x000235a8                RETARGET_ReadChar
 .text.USB_callBackMapping
                0x000235cc       0x38 ./../Platform/BSP/debug/libBSP_efm32_debug.a(BSP_USB.o)
                0x000235cc                USB_callBackMapping
 .text.NVIC_EnableIRQ
                0x00023604       0x38 ./../Platform/BSP/debug/libBSP_efm32_debug.a(BSP_DMA.o)
 .text.NVIC_ClearPendingIRQ
                0x0002363c       0x3c ./../Platform/BSP/debug/libBSP_efm32_debug.a(BSP_DMA.o)
 .text.NVIC_SetPriority
                0x00023678       0x5c ./../Platform/BSP/debug/libBSP_efm32_debug.a(BSP_DMA.o)
 .text.BSP_DMA_Initialize
                0x000236d4       0x88 ./../Platform/BSP/debug/libBSP_efm32_debug.a(BSP_DMA.o)
                0x000236d4                BSP_DMA_Initialize
 .text.BSP_DMA_Enable
                0x0002375c       0x54 ./../Platform/BSP/debug/libBSP_efm32_debug.a(BSP_DMA.o)
                0x0002375c                BSP_DMA_Enable
 .text.GPIO_IntClear
                0x000237b0       0x20 ./../Platform/BSP/debug/libBSP_efm32_debug.a(BSP_IrqHandler.o)
 .text.GPIO_IntGetEnabled
                0x000237d0       0x30 ./../Platform/BSP/debug/libBSP_efm32_debug.a(BSP_IrqHandler.o)
 .text.SysTick_Handler
                0x00023800       0x40 ./../Platform/BSP/debug/libBSP_efm32_debug.a(BSP_IrqHandler.o)
                0x00023800                SysTick_Handler
 .text.GPIO_EVEN_IRQHandler
                0x00023840       0x28 ./../Platform/BSP/debug/libBSP_efm32_debug.a(BSP_IrqHandler.o)
                0x00023840                GPIO_EVEN_IRQHandler
 .text.GPIO_ODD_IRQHandler
                0x00023868       0x28 ./../Platform/BSP/debug/libBSP_efm32_debug.a(BSP_IrqHandler.o)
                0x00023868                GPIO_ODD_IRQHandler
 .text.UART0_TX_IRQHandler
                0x00023890        0xc ./../Platform/BSP/debug/libBSP_efm32_debug.a(BSP_IrqHandler.o)
                0x00023890                UART0_TX_IRQHandler
 .text.UART0_RX_IRQHandler
                0x0002389c        0xc ./../Platform/BSP/debug/libBSP_efm32_debug.a(BSP_IrqHandler.o)
                0x0002389c                UART0_RX_IRQHandler
 .text.USART0_TX_IRQHandler
                0x000238a8        0xc ./../Platform/BSP/debug/libBSP_efm32_debug.a(BSP_IrqHandler.o)
                0x000238a8                USART0_TX_IRQHandler
 .text.USART0_RX_IRQHandler
                0x000238b4        0xc ./../Platform/BSP/debug/libBSP_efm32_debug.a(BSP_IrqHandler.o)
                0x000238b4                USART0_RX_IRQHandler
 .text.I2C0_IRQHandler
                0x000238c0        0xc ./../Platform/BSP/debug/libBSP_efm32_debug.a(BSP_IrqHandler.o)
                0x000238c0                I2C0_IRQHandler
 .text.I2C1_IRQHandler
                0x000238cc        0xc ./../Platform/BSP/debug/libBSP_efm32_debug.a(BSP_IrqHandler.o)
                0x000238cc                I2C1_IRQHandler
 .text.USART2_TX_IRQHandler
                0x000238d8        0xc ./../Platform/BSP/debug/libBSP_efm32_debug.a(BSP_IrqHandler.o)
                0x000238d8                USART2_TX_IRQHandler
 .text.USART2_RX_IRQHandler
                0x000238e4        0xc ./../Platform/BSP/debug/libBSP_efm32_debug.a(BSP_IrqHandler.o)
                0x000238e4                USART2_RX_IRQHandler
 .text.UART1_TX_IRQHandler
                0x000238f0        0xc ./../Platform/BSP/debug/libBSP_efm32_debug.a(BSP_IrqHandler.o)
                0x000238f0                UART1_TX_IRQHandler
 .text.UART1_RX_IRQHandler
                0x000238fc        0xc ./../Platform/BSP/debug/libBSP_efm32_debug.a(BSP_IrqHandler.o)
                0x000238fc                UART1_RX_IRQHandler
 .text.USART1_TX_IRQHandler
                0x00023908        0xc ./../Platform/BSP/debug/libBSP_efm32_debug.a(BSP_IrqHandler.o)
                0x00023908                USART1_TX_IRQHandler
 .text.USART1_RX_IRQHandler
                0x00023914        0xc ./../Platform/BSP/debug/libBSP_efm32_debug.a(BSP_IrqHandler.o)
                0x00023914                USART1_RX_IRQHandler
 .text.RTC_IRQHandler
                0x00023920        0xc ./../Platform/BSP/debug/libBSP_efm32_debug.a(BSP_IrqHandler.o)
                0x00023920                RTC_IRQHandler
 .text.IrqHandler_SysTickDummyHandler
                0x0002392c       0x10 ./../Platform/BSP/debug/libBSP_efm32_debug.a(BSP_IrqHandler.o)
                0x0002392c                IrqHandler_SysTickDummyHandler
 .text.BSP_ExtensionPort_I2cIsr
                0x0002393c       0x5c ./../Platform/BSP/debug/libBSP_efm32_debug.a(BSP_ExtensionPort.o)
                0x0002393c                BSP_ExtensionPort_I2cIsr
 .text.BSP_ExtensionPort_SpiRxIsr
                0x00023998       0x5c ./../Platform/BSP/debug/libBSP_efm32_debug.a(BSP_ExtensionPort.o)
                0x00023998                BSP_ExtensionPort_SpiRxIsr
 .text.BSP_ExtensionPort_SpiTxIsr
                0x000239f4       0x5c ./../Platform/BSP/debug/libBSP_efm32_debug.a(BSP_ExtensionPort.o)
                0x000239f4                BSP_ExtensionPort_SpiTxIsr
 .text.BSP_ExtensionPort_UARTRxIsr
                0x00023a50       0x5c ./../Platform/BSP/debug/libBSP_efm32_debug.a(BSP_ExtensionPort.o)
                0x00023a50                BSP_ExtensionPort_UARTRxIsr
 .text.BSP_ExtensionPort_UARTTxIsr
                0x00023aac       0x5c ./../Platform/BSP/debug/libBSP_efm32_debug.a(BSP_ExtensionPort.o)
                0x00023aac                BSP_ExtensionPort_UARTTxIsr
 .text.NVIC_EnableIRQ
                0x00023b08       0x38 ./../Platform/BSP/debug/libBSP_efm32_debug.a(BSP_WiFi_cc3100mod.o)
 .text.NVIC_DisableIRQ
                0x00023b40       0x3c ./../Platform/BSP/debug/libBSP_efm32_debug.a(BSP_WiFi_cc3100mod.o)
 .text.NVIC_ClearPendingIRQ
                0x00023b7c       0x3c ./../Platform/BSP/debug/libBSP_efm32_debug.a(BSP_WiFi_cc3100mod.o)
 .text.NVIC_SetPriority
                0x00023bb8       0x5c ./../Platform/BSP/debug/libBSP_efm32_debug.a(BSP_WiFi_cc3100mod.o)
 .text.GPIO_IntClear
                0x00023c14       0x20 ./../Platform/BSP/debug/libBSP_efm32_debug.a(BSP_WiFi_cc3100mod.o)
 .text.GPIO_IntDisable
                0x00023c34       0x34 ./../Platform/BSP/debug/libBSP_efm32_debug.a(BSP_WiFi_cc3100mod.o)
 .text.GPIO_IntEnable
                0x00023c68       0x30 ./../Platform/BSP/debug/libBSP_efm32_debug.a(BSP_WiFi_cc3100mod.o)
 .text.GPIO_PinOutClear
                0x00023c98       0x4c ./../Platform/BSP/debug/libBSP_efm32_debug.a(BSP_WiFi_cc3100mod.o)
 .text.GPIO_PinOutSet
                0x00023ce4       0x4c ./../Platform/BSP/debug/libBSP_efm32_debug.a(BSP_WiFi_cc3100mod.o)
 .text.Board_GPIOInterruptUnregisterCallback
                0x00023d30       0x20 ./../Platform/BSP/debug/libBSP_efm32_debug.a(BSP_WiFi_cc3100mod.o)
 .text.BSP_WiFi_CC3100MOD_Connect
                0x00023d50      0x1e8 ./../Platform/BSP/debug/libBSP_efm32_debug.a(BSP_WiFi_cc3100mod.o)
                0x00023d50                BSP_WiFi_CC3100MOD_Connect
 .text.BSP_WiFi_CC3100MOD_Enable
                0x00023f38      0x1a4 ./../Platform/BSP/debug/libBSP_efm32_debug.a(BSP_WiFi_cc3100mod.o)
                0x00023f38                BSP_WiFi_CC3100MOD_Enable
 .text.BSP_WiFi_CC3100MOD_Disable
                0x000240dc       0xb0 ./../Platform/BSP/debug/libBSP_efm32_debug.a(BSP_WiFi_cc3100mod.o)
                0x000240dc                BSP_WiFi_CC3100MOD_Disable
 .text.BSP_WiFi_CC3100MOD_GetSPIHandle
                0x0002418c       0x14 ./../Platform/BSP/debug/libBSP_efm32_debug.a(BSP_WiFi_cc3100mod.o)
                0x0002418c                BSP_WiFi_CC3100MOD_GetSPIHandle
 .text.BSP_WiFi_CC3100MOD_SetCSLow
                0x000241a0       0x18 ./../Platform/BSP/debug/libBSP_efm32_debug.a(BSP_WiFi_cc3100mod.o)
                0x000241a0                BSP_WiFi_CC3100MOD_SetCSLow
 .text.BSP_WiFi_CC3100MOD_SetCSHigh
                0x000241b8       0x18 ./../Platform/BSP/debug/libBSP_efm32_debug.a(BSP_WiFi_cc3100mod.o)
                0x000241b8                BSP_WiFi_CC3100MOD_SetCSHigh
 .text.WiFi_CC3100MOD_SPIRxISR
                0x000241d0       0x28 ./../Platform/BSP/debug/libBSP_efm32_debug.a(BSP_WiFi_cc3100mod.o)
                0x000241d0                WiFi_CC3100MOD_SPIRxISR
 .text.WiFi_CC3100MOD_SPITxISR
                0x000241f8       0x28 ./../Platform/BSP/debug/libBSP_efm32_debug.a(BSP_WiFi_cc3100mod.o)
                0x000241f8                WiFi_CC3100MOD_SPITxISR
 .text.WiFi_CC3100MOD_SPI_RxDMAComplete
                0x00024220       0x38 ./../Platform/BSP/debug/libBSP_efm32_debug.a(BSP_WiFi_cc3100mod.o)
                0x00024220                WiFi_CC3100MOD_SPI_RxDMAComplete
 .text.WiFi_CC3100MOD_SPI_TxDMAComplete
                0x00024258       0x38 ./../Platform/BSP/debug/libBSP_efm32_debug.a(BSP_WiFi_cc3100mod.o)
                0x00024258                WiFi_CC3100MOD_SPI_TxDMAComplete
 .text.WiFi_INT_InterruptCallback
                0x00024290       0x14 ./../Platform/BSP/debug/libBSP_efm32_debug.a(BSP_WiFi_cc3100mod.o)
 .text.BT_EM9301_UART_TxISR
                0x000242a4       0x28 ./../Platform/BSP/debug/libBSP_efm32_debug.a(BSP_BT_EM9301.o)
                0x000242a4                BT_EM9301_UART_TxISR
 .text.BT_EM9301_UART_RxISR
                0x000242cc       0x28 ./../Platform/BSP/debug/libBSP_efm32_debug.a(BSP_BT_EM9301.o)
                0x000242cc                BT_EM9301_UART_RxISR
 .text.SensorNode_I2CISR
                0x000242f4       0x28 ./../Platform/BSP/debug/libBSP_efm32_debug.a(BSP_SensorNode.o)
                0x000242f4                SensorNode_I2CISR
 .text.SDCard_SPIRxISR
                0x0002431c       0x28 ./../Platform/BSP/debug/libBSP_efm32_debug.a(BSP_SDCard.o)
                0x0002431c                SDCard_SPIRxISR
 .text.SDCard_SPITxISR
                0x00024344       0x28 ./../Platform/BSP/debug/libBSP_efm32_debug.a(BSP_SDCard.o)
                0x00024344                SDCard_SPITxISR
 .text.xTaskGenericCreate
                0x0002436c      0x1d0 ./../Libraries/FreeRTOS/debug/libFreeRTOS_efm32_debug.a(tasks.o)
                0x0002436c                xTaskGenericCreate
 .text.vTaskDelete
                0x0002453c      0x12c ./../Libraries/FreeRTOS/debug/libFreeRTOS_efm32_debug.a(tasks.o)
                0x0002453c                vTaskDelete
 .text.vTaskDelay
                0x00024668       0xac ./../Libraries/FreeRTOS/debug/libFreeRTOS_efm32_debug.a(tasks.o)
                0x00024668                vTaskDelay
 .text.vTaskStartScheduler
                0x00024714       0xa0 ./../Libraries/FreeRTOS/debug/libFreeRTOS_efm32_debug.a(tasks.o)
                0x00024714                vTaskStartScheduler
 .text.vTaskSuspendAll
                0x000247b4       0x24 ./../Libraries/FreeRTOS/debug/libFreeRTOS_efm32_debug.a(tasks.o)
                0x000247b4                vTaskSuspendAll
 .text.xTaskResumeAll
                0x000247d8      0x180 ./../Libraries/FreeRTOS/debug/libFreeRTOS_efm32_debug.a(tasks.o)
                0x000247d8                xTaskResumeAll
 .text.xTaskGetTickCount
                0x00024958       0x20 ./../Libraries/FreeRTOS/debug/libFreeRTOS_efm32_debug.a(tasks.o)
                0x00024958                xTaskGetTickCount
 .text.xTaskIncrementTick
                0x00024978      0x20c ./../Libraries/FreeRTOS/debug/libFreeRTOS_efm32_debug.a(tasks.o)
                0x00024978                xTaskIncrementTick
 .text.vTaskSwitchContext
                0x00024b84      0x150 ./../Libraries/FreeRTOS/debug/libFreeRTOS_efm32_debug.a(tasks.o)
                0x00024b84                vTaskSwitchContext
 .text.vTaskPlaceOnEventList
                0x00024cd4       0xc4 ./../Libraries/FreeRTOS/debug/libFreeRTOS_efm32_debug.a(tasks.o)
                0x00024cd4                vTaskPlaceOnEventList
 .text.vTaskPlaceOnEventListRestricted
                0x00024d98       0xc4 ./../Libraries/FreeRTOS/debug/libFreeRTOS_efm32_debug.a(tasks.o)
                0x00024d98                vTaskPlaceOnEventListRestricted
 .text.xTaskRemoveFromEventList
                0x00024e5c       0xe8 ./../Libraries/FreeRTOS/debug/libFreeRTOS_efm32_debug.a(tasks.o)
                0x00024e5c                xTaskRemoveFromEventList
 .text.vTaskSetTimeOutState
                0x00024f44       0x44 ./../Libraries/FreeRTOS/debug/libFreeRTOS_efm32_debug.a(tasks.o)
                0x00024f44                vTaskSetTimeOutState
 .text.xTaskCheckForTimeOut
                0x00024f88       0xc4 ./../Libraries/FreeRTOS/debug/libFreeRTOS_efm32_debug.a(tasks.o)
                0x00024f88                xTaskCheckForTimeOut
 .text.vTaskMissedYield
                0x0002504c       0x18 ./../Libraries/FreeRTOS/debug/libFreeRTOS_efm32_debug.a(tasks.o)
                0x0002504c                vTaskMissedYield
 .text.prvIdleTask
                0x00025064       0x10 ./../Libraries/FreeRTOS/debug/libFreeRTOS_efm32_debug.a(tasks.o)
 .text.prvInitialiseTCBVariables
                0x00025074       0xbc ./../Libraries/FreeRTOS/debug/libFreeRTOS_efm32_debug.a(tasks.o)
 .text.prvInitialiseTaskLists
                0x00025130       0xa4 ./../Libraries/FreeRTOS/debug/libFreeRTOS_efm32_debug.a(tasks.o)
 .text.prvCheckTasksWaitingTermination
                0x000251d4       0x9c ./../Libraries/FreeRTOS/debug/libFreeRTOS_efm32_debug.a(tasks.o)
 .text.prvAddCurrentTaskToDelayedList
                0x00025270       0x8c ./../Libraries/FreeRTOS/debug/libFreeRTOS_efm32_debug.a(tasks.o)
 .text.prvAllocateTCBAndStack
                0x000252fc       0x7c ./../Libraries/FreeRTOS/debug/libFreeRTOS_efm32_debug.a(tasks.o)
 .text.prvDeleteTCB
                0x00025378       0x20 ./../Libraries/FreeRTOS/debug/libFreeRTOS_efm32_debug.a(tasks.o)
 .text.prvResetNextTaskUnblockTime
                0x00025398       0x5c ./../Libraries/FreeRTOS/debug/libFreeRTOS_efm32_debug.a(tasks.o)
 .text.xTaskGetSchedulerState
                0x000253f4       0x48 ./../Libraries/FreeRTOS/debug/libFreeRTOS_efm32_debug.a(tasks.o)
                0x000253f4                xTaskGetSchedulerState
 .text.vTaskPriorityInherit
                0x0002543c      0x144 ./../Libraries/FreeRTOS/debug/libFreeRTOS_efm32_debug.a(tasks.o)
                0x0002543c                vTaskPriorityInherit
 .text.xTaskPriorityDisinherit
                0x00025580      0x13c ./../Libraries/FreeRTOS/debug/libFreeRTOS_efm32_debug.a(tasks.o)
                0x00025580                xTaskPriorityDisinherit
 .text.pvTaskIncrementMutexHeldCount
                0x000256bc       0x38 ./../Libraries/FreeRTOS/debug/libFreeRTOS_efm32_debug.a(tasks.o)
                0x000256bc                pvTaskIncrementMutexHeldCount
 .text.xTimerCreateTimerTask
                0x000256f4       0x78 ./../Libraries/FreeRTOS/debug/libFreeRTOS_efm32_debug.a(timers.o)
                0x000256f4                xTimerCreateTimerTask
 .text.xTimerCreate
                0x0002576c       0x7c ./../Libraries/FreeRTOS/debug/libFreeRTOS_efm32_debug.a(timers.o)
                0x0002576c                xTimerCreate
 .text.xTimerGenericCommand
                0x000257e8       0xac ./../Libraries/FreeRTOS/debug/libFreeRTOS_efm32_debug.a(timers.o)
                0x000257e8                xTimerGenericCommand
 .text.prvProcessExpiredTimer
                0x00025894       0x88 ./../Libraries/FreeRTOS/debug/libFreeRTOS_efm32_debug.a(timers.o)
 .text.prvTimerTask
                0x0002591c       0x24 ./../Libraries/FreeRTOS/debug/libFreeRTOS_efm32_debug.a(timers.o)
 .text.prvProcessTimerOrBlockTask
                0x00025940       0x78 ./../Libraries/FreeRTOS/debug/libFreeRTOS_efm32_debug.a(timers.o)
 .text.prvGetNextExpireTime
                0x000259b8       0x54 ./../Libraries/FreeRTOS/debug/libFreeRTOS_efm32_debug.a(timers.o)
 .text.prvSampleTimeNow
                0x00025a0c       0x4c ./../Libraries/FreeRTOS/debug/libFreeRTOS_efm32_debug.a(timers.o)
 .text.prvInsertTimerInActiveList
                0x00025a58       0x94 ./../Libraries/FreeRTOS/debug/libFreeRTOS_efm32_debug.a(timers.o)
 .text.prvProcessReceivedCommands
                0x00025aec      0x174 ./../Libraries/FreeRTOS/debug/libFreeRTOS_efm32_debug.a(timers.o)
 .text.prvSwitchTimerLists
                0x00025c60       0xf0 ./../Libraries/FreeRTOS/debug/libFreeRTOS_efm32_debug.a(timers.o)
 .text.prvCheckForValidListAndQueue
                0x00025d50       0xb8 ./../Libraries/FreeRTOS/debug/libFreeRTOS_efm32_debug.a(timers.o)
 .text.xTimerPendFunctionCallFromISR
                0x00025e08       0x4c ./../Libraries/FreeRTOS/debug/libFreeRTOS_efm32_debug.a(timers.o)
                0x00025e08                xTimerPendFunctionCallFromISR
 .text.pvPortMalloc
                0x00025e54      0x1e0 ./../Libraries/FreeRTOS/debug/libFreeRTOS_efm32_debug.a(heap_4.o)
                0x00025e54                pvPortMalloc
 .text.vPortFree
                0x00026034       0xcc ./../Libraries/FreeRTOS/debug/libFreeRTOS_efm32_debug.a(heap_4.o)
                0x00026034                vPortFree
 .text.prvHeapInit
                0x00026100       0xfc ./../Libraries/FreeRTOS/debug/libFreeRTOS_efm32_debug.a(heap_4.o)
 .text.prvInsertBlockIntoFreeList
                0x000261fc       0xbc ./../Libraries/FreeRTOS/debug/libFreeRTOS_efm32_debug.a(heap_4.o)
 .text.pxPortInitialiseStack
                0x000262b8       0x64 ./../Libraries/FreeRTOS/debug/libFreeRTOS_efm32_debug.a(port.o)
                0x000262b8                pxPortInitialiseStack
 .text.prvTaskExitError
                0x0002631c       0x2c ./../Libraries/FreeRTOS/debug/libFreeRTOS_efm32_debug.a(port.o)
 .text.SVC_Handler
                0x00026348       0x24 ./../Libraries/FreeRTOS/debug/libFreeRTOS_efm32_debug.a(port.o)
                0x00026348                SVC_Handler
 .text.prvPortStartFirstTask
                0x0002636c       0x20 ./../Libraries/FreeRTOS/debug/libFreeRTOS_efm32_debug.a(port.o)
 .text.xPortStartScheduler
                0x0002638c      0x10c ./../Libraries/FreeRTOS/debug/libFreeRTOS_efm32_debug.a(port.o)
                0x0002638c                xPortStartScheduler
 .text.vPortYield
                0x00026498       0x20 ./../Libraries/FreeRTOS/debug/libFreeRTOS_efm32_debug.a(port.o)
                0x00026498                vPortYield
 .text.vPortEnterCritical
                0x000264b8       0x58 ./../Libraries/FreeRTOS/debug/libFreeRTOS_efm32_debug.a(port.o)
                0x000264b8                vPortEnterCritical
 .text.vPortExitCritical
                0x00026510       0x54 ./../Libraries/FreeRTOS/debug/libFreeRTOS_efm32_debug.a(port.o)
                0x00026510                vPortExitCritical
 .text.ulPortSetInterruptMask
                0x00026564       0x14 ./../Libraries/FreeRTOS/debug/libFreeRTOS_efm32_debug.a(port.o)
                0x00026564                ulPortSetInterruptMask
 .text.vPortClearInterruptMask
                0x00026578        0x8 ./../Libraries/FreeRTOS/debug/libFreeRTOS_efm32_debug.a(port.o)
                0x00026578                vPortClearInterruptMask
 .text.PendSV_Handler
                0x00026580       0x44 ./../Libraries/FreeRTOS/debug/libFreeRTOS_efm32_debug.a(port.o)
                0x00026580                PendSV_Handler
 .text.xPortSysTickHandler
                0x000265c4       0x2c ./../Libraries/FreeRTOS/debug/libFreeRTOS_efm32_debug.a(port.o)
                0x000265c4                xPortSysTickHandler
 .text.vPortSetupTimerInterrupt
                0x000265f0       0x28 ./../Libraries/FreeRTOS/debug/libFreeRTOS_efm32_debug.a(port.o)
                0x000265f0                vPortSetupTimerInterrupt
 .text.vPortValidateInterruptPriority
                0x00026618       0x78 ./../Libraries/FreeRTOS/debug/libFreeRTOS_efm32_debug.a(port.o)
                0x00026618                vPortValidateInterruptPriority
 .text.vListInitialise
                0x00026690       0x40 ./../Libraries/FreeRTOS/debug/libFreeRTOS_efm32_debug.a(list.o)
                0x00026690                vListInitialise
 .text.vListInitialiseItem
                0x000266d0       0x1c ./../Libraries/FreeRTOS/debug/libFreeRTOS_efm32_debug.a(list.o)
                0x000266d0                vListInitialiseItem
 .text.vListInsertEnd
                0x000266ec       0x48 ./../Libraries/FreeRTOS/debug/libFreeRTOS_efm32_debug.a(list.o)
                0x000266ec                vListInsertEnd
 .text.vListInsert
                0x00026734       0x74 ./../Libraries/FreeRTOS/debug/libFreeRTOS_efm32_debug.a(list.o)
                0x00026734                vListInsert
 .text.uxListRemove
                0x000267a8       0x58 ./../Libraries/FreeRTOS/debug/libFreeRTOS_efm32_debug.a(list.o)
                0x000267a8                uxListRemove
 .text.xQueueGenericReset
                0x00026800       0xc8 ./../Libraries/FreeRTOS/debug/libFreeRTOS_efm32_debug.a(queue.o)
                0x00026800                xQueueGenericReset
 .text.xQueueGenericCreate
                0x000268c8       0xb8 ./../Libraries/FreeRTOS/debug/libFreeRTOS_efm32_debug.a(queue.o)
                0x000268c8                xQueueGenericCreate
 .text.xQueueCreateMutex
                0x00026980       0xb8 ./../Libraries/FreeRTOS/debug/libFreeRTOS_efm32_debug.a(queue.o)
                0x00026980                xQueueCreateMutex
 .text.xQueueGenericSend
                0x00026a38      0x1c8 ./../Libraries/FreeRTOS/debug/libFreeRTOS_efm32_debug.a(queue.o)
                0x00026a38                xQueueGenericSend
 .text.xQueueGenericSendFromISR
                0x00026c00      0x110 ./../Libraries/FreeRTOS/debug/libFreeRTOS_efm32_debug.a(queue.o)
                0x00026c00                xQueueGenericSendFromISR
 .text.xQueueGiveFromISR
                0x00026d10      0x108 ./../Libraries/FreeRTOS/debug/libFreeRTOS_efm32_debug.a(queue.o)
                0x00026d10                xQueueGiveFromISR
 .text.xQueueGenericReceive
                0x00026e18      0x1e0 ./../Libraries/FreeRTOS/debug/libFreeRTOS_efm32_debug.a(queue.o)
                0x00026e18                xQueueGenericReceive
 .text.vQueueDelete
                0x00026ff8       0x38 ./../Libraries/FreeRTOS/debug/libFreeRTOS_efm32_debug.a(queue.o)
                0x00026ff8                vQueueDelete
 .text.prvCopyDataToQueue
                0x00027030       0xe8 ./../Libraries/FreeRTOS/debug/libFreeRTOS_efm32_debug.a(queue.o)
 .text.prvCopyDataFromQueue
                0x00027118       0x50 ./../Libraries/FreeRTOS/debug/libFreeRTOS_efm32_debug.a(queue.o)
 .text.prvUnlockQueue
                0x00027168       0xc0 ./../Libraries/FreeRTOS/debug/libFreeRTOS_efm32_debug.a(queue.o)
 .text.prvIsQueueEmpty
                0x00027228       0x34 ./../Libraries/FreeRTOS/debug/libFreeRTOS_efm32_debug.a(queue.o)
 .text.prvIsQueueFull
                0x0002725c       0x38 ./../Libraries/FreeRTOS/debug/libFreeRTOS_efm32_debug.a(queue.o)
 .text.vQueueAddToRegistry
                0x00027294       0x64 ./../Libraries/FreeRTOS/debug/libFreeRTOS_efm32_debug.a(queue.o)
                0x00027294                vQueueAddToRegistry
 .text.vQueueUnregisterQueue
                0x000272f8       0x54 ./../Libraries/FreeRTOS/debug/libFreeRTOS_efm32_debug.a(queue.o)
                0x000272f8                vQueueUnregisterQueue
 .text.vQueueWaitForMessageRestricted
                0x0002734c       0x64 ./../Libraries/FreeRTOS/debug/libFreeRTOS_efm32_debug.a(queue.o)
                0x0002734c                vQueueWaitForMessageRestricted
 .text.prvNotifyQueueSetContainer
                0x000273b0       0xa8 ./../Libraries/FreeRTOS/debug/libFreeRTOS_efm32_debug.a(queue.o)
 .text.ADC_Init
                0x00027458       0x68 ./../Libraries/EMlib/debug/libEMLib_efm32_debug.a(em_adc.o)
                0x00027458                ADC_Init
 .text.ADC_PrescaleCalc
                0x000274c0       0x78 ./../Libraries/EMlib/debug/libEMLib_efm32_debug.a(em_adc.o)
                0x000274c0                ADC_PrescaleCalc
 .text.ADC_TimebaseCalc
                0x00027538       0x74 ./../Libraries/EMlib/debug/libEMLib_efm32_debug.a(em_adc.o)
                0x00027538                ADC_TimebaseCalc
 .text.BITBAND_Peripheral
                0x000275ac       0x30 ./../Libraries/EMlib/debug/libEMLib_efm32_debug.a(em_cmu.o)
 .text.CMU_MaxFreqHfle
                0x000275dc       0xb8 ./../Libraries/EMlib/debug/libEMLib_efm32_debug.a(em_cmu.o)
 .text.CMU_FlashWaitStateMax
                0x00027694       0x68 ./../Libraries/EMlib/debug/libEMLib_efm32_debug.a(em_cmu.o)
 .text.CMU_DivToLog2
                0x000276fc       0x38 ./../Libraries/EMlib/debug/libEMLib_efm32_debug.a(em_cmu.o)
 .text.CMU_FlashWaitStateControl
                0x00027734       0xf4 ./../Libraries/EMlib/debug/libEMLib_efm32_debug.a(em_cmu.o)
 .text.CMU_USBCClkGet
                0x00027828       0x50 ./../Libraries/EMlib/debug/libEMLib_efm32_debug.a(em_cmu.o)
 .text.CMU_AUXClkGet
                0x00027878       0x9c ./../Libraries/EMlib/debug/libEMLib_efm32_debug.a(em_cmu.o)
 .text.CMU_DBGClkGet
                0x00027914       0x64 ./../Libraries/EMlib/debug/libEMLib_efm32_debug.a(em_cmu.o)
 .text.CMU_LFClkGet
                0x00027978       0xd4 ./../Libraries/EMlib/debug/libEMLib_efm32_debug.a(em_cmu.o)
 .text.CMU_Sync
                0x00027a4c       0x3c ./../Libraries/EMlib/debug/libEMLib_efm32_debug.a(em_cmu.o)
 .text.CMU_ClockDivSet
                0x00027a88      0x298 ./../Libraries/EMlib/debug/libEMLib_efm32_debug.a(em_cmu.o)
                0x00027a88                CMU_ClockDivSet
 .text.CMU_ClockEnable
                0x00027d20      0x10c ./../Libraries/EMlib/debug/libEMLib_efm32_debug.a(em_cmu.o)
                0x00027d20                CMU_ClockEnable
 .text.CMU_ClockFreqGet
                0x00027e2c      0x1e8 ./../Libraries/EMlib/debug/libEMLib_efm32_debug.a(em_cmu.o)
                0x00027e2c                CMU_ClockFreqGet
 .text.CMU_ClockSelectGet
                0x00028014      0x1a4 ./../Libraries/EMlib/debug/libEMLib_efm32_debug.a(em_cmu.o)
                0x00028014                CMU_ClockSelectGet
 .text.CMU_ClockSelectSet
                0x000281b8      0x38c ./../Libraries/EMlib/debug/libEMLib_efm32_debug.a(em_cmu.o)
                0x000281b8                CMU_ClockSelectSet
 .text.CMU_OscillatorEnable
                0x00028544       0xe8 ./../Libraries/EMlib/debug/libEMLib_efm32_debug.a(em_cmu.o)
                0x00028544                CMU_OscillatorEnable
 .text.MSC_Init
                0x0002862c      0x108 ./../Libraries/EMlib/debug/libEMLib_efm32_debug.a(em_msc.o)
                0x0002862c                MSC_Init
 .text.MSC_Deinit
                0x00028734       0x30 ./../Libraries/EMlib/debug/libEMLib_efm32_debug.a(em_msc.o)
                0x00028734                MSC_Deinit
 .text.NVIC_DisableIRQ
                0x00028764       0x3c ./../Libraries/EMlib/debug/libEMLib_efm32_debug.a(em_dma.o)
 .text.BITBAND_Peripheral
                0x000287a0       0x30 ./../Libraries/EMlib/debug/libEMLib_efm32_debug.a(em_dma.o)
 .text.DMA_Prepare
                0x000287d0      0x138 ./../Libraries/EMlib/debug/libEMLib_efm32_debug.a(em_dma.o)
 .text.DMA_IRQHandler
                0x00028908      0x110 ./../Libraries/EMlib/debug/libEMLib_efm32_debug.a(em_dma.o)
                0x00028908                DMA_IRQHandler
 .text.DMA_ActivateBasic
                0x00028a18       0x48 ./../Libraries/EMlib/debug/libEMLib_efm32_debug.a(em_dma.o)
                0x00028a18                DMA_ActivateBasic
 .text.DMA_CfgChannel
                0x00028a60       0xc0 ./../Libraries/EMlib/debug/libEMLib_efm32_debug.a(em_dma.o)
                0x00028a60                DMA_CfgChannel
 .text.DMA_CfgDescr
                0x00028b20       0x84 ./../Libraries/EMlib/debug/libEMLib_efm32_debug.a(em_dma.o)
                0x00028b20                DMA_CfgDescr
 .text.DMA_Reset
                0x00028ba4       0xd4 ./../Libraries/EMlib/debug/libEMLib_efm32_debug.a(em_dma.o)
                0x00028ba4                DMA_Reset
 .text.EMU_UpdateOscConfig
                0x00028c78       0x20 ./../Libraries/EMlib/debug/libEMLib_efm32_debug.a(em_emu.o)
                0x00028c78                EMU_UpdateOscConfig
 .text.BITBAND_Peripheral
                0x00028c98       0x30 ./../Libraries/EMlib/debug/libEMLib_efm32_debug.a(em_gpio.o)
 .text.GPIO_DriveModeSet
                0x00028cc8       0x60 ./../Libraries/EMlib/debug/libEMLib_efm32_debug.a(em_gpio.o)
                0x00028cc8                GPIO_DriveModeSet
 .text.GPIO_IntConfig
                0x00028d28       0xf4 ./../Libraries/EMlib/debug/libEMLib_efm32_debug.a(em_gpio.o)
                0x00028d28                GPIO_IntConfig
 .text.GPIO_PinModeSet
                0x00028e1c      0x1b8 ./../Libraries/EMlib/debug/libEMLib_efm32_debug.a(em_gpio.o)
                0x00028e1c                GPIO_PinModeSet
 .text.BITBAND_Peripheral
                0x00028fd4       0x30 ./../Libraries/EMlib/debug/libEMLib_efm32_debug.a(em_i2c.o)
 .text.I2C_BusFreqSet
                0x00029004       0x94 ./../Libraries/EMlib/debug/libEMLib_efm32_debug.a(em_i2c.o)
                0x00029004                I2C_BusFreqSet
 .text.I2C_Init
                0x00029098       0x84 ./../Libraries/EMlib/debug/libEMLib_efm32_debug.a(em_i2c.o)
                0x00029098                I2C_Init
 .text.USART_BaudrateAsyncSet
                0x0002911c       0xd0 ./../Libraries/EMlib/debug/libEMLib_efm32_debug.a(em_usart.o)
                0x0002911c                USART_BaudrateAsyncSet
 .text.USART_BaudrateSyncSet
                0x000291ec       0x7c ./../Libraries/EMlib/debug/libEMLib_efm32_debug.a(em_usart.o)
                0x000291ec                USART_BaudrateSyncSet
 .text.USART_InitAsync
                0x00029268       0xbc ./../Libraries/EMlib/debug/libEMLib_efm32_debug.a(em_usart.o)
                0x00029268                USART_InitAsync
 .text.USART_Reset
                0x00029324       0xd8 ./../Libraries/EMlib/debug/libEMLib_efm32_debug.a(em_usart.o)
                0x00029324                USART_Reset
 .text.SYSTEM_ChipRevisionGet
                0x000293fc       0x94 ./../Libraries/EMlib/debug/libEMLib_efm32_debug.a(em_system.o)
                0x000293fc                SYSTEM_ChipRevisionGet
 .text.NVIC_EnableIRQ
                0x00029490       0x38 ./../Libraries/EMlib/debug/libEMLib_efm32_debug.a(em_usbd.o)
 .text.NVIC_ClearPendingIRQ
                0x000294c8       0x3c ./../Libraries/EMlib/debug/libEMLib_efm32_debug.a(em_usbd.o)
 .text.INT_Disable
                0x00029504       0x40 ./../Libraries/EMlib/debug/libEMLib_efm32_debug.a(em_usbd.o)
 .text.INT_Enable
                0x00029544       0x54 ./../Libraries/EMlib/debug/libEMLib_efm32_debug.a(em_usbd.o)
 .text.USBHAL_DisableGlobalInt
                0x00029598       0x34 ./../Libraries/EMlib/debug/libEMLib_efm32_debug.a(em_usbd.o)
 .text.USBHAL_EnableGlobalInt
                0x000295cc       0x34 ./../Libraries/EMlib/debug/libEMLib_efm32_debug.a(em_usbd.o)
 .text.USBDHAL_EnableUsbResetAndSuspendInt
                0x00029600       0x38 ./../Libraries/EMlib/debug/libEMLib_efm32_debug.a(em_usbd.o)
 .text.USBDHAL_EpIsStalled
                0x00029638       0x3c ./../Libraries/EMlib/debug/libEMLib_efm32_debug.a(em_usbd.o)
 .text.USBDHAL_GetStallStatusEp
                0x00029674       0xc0 ./../Libraries/EMlib/debug/libEMLib_efm32_debug.a(em_usbd.o)
 .text.USBDHAL_SetEp0InDmaPtr
                0x00029734       0x28 ./../Libraries/EMlib/debug/libEMLib_efm32_debug.a(em_usbd.o)
 .text.USBDHAL_SetEp0OutDmaPtr
                0x0002975c       0x28 ./../Libraries/EMlib/debug/libEMLib_efm32_debug.a(em_usbd.o)
 .text.USBDHAL_StartEp0In
                0x00029784       0x5c ./../Libraries/EMlib/debug/libEMLib_efm32_debug.a(em_usbd.o)
 .text.USBDHAL_StartEp0Out
                0x000297e0       0x5c ./../Libraries/EMlib/debug/libEMLib_efm32_debug.a(em_usbd.o)
 .text.USBDHAL_StartEpIn
                0x0002983c       0xc8 ./../Libraries/EMlib/debug/libEMLib_efm32_debug.a(em_usbd.o)
 .text.USBDHAL_StartEpOut
                0x00029904       0xd4 ./../Libraries/EMlib/debug/libEMLib_efm32_debug.a(em_usbd.o)
 .text.USBD_ArmEp
                0x000299d8       0x28 ./../Libraries/EMlib/debug/libEMLib_efm32_debug.a(em_usbd.o)
 .text.USBD_ArmEp0
                0x00029a00       0x88 ./../Libraries/EMlib/debug/libEMLib_efm32_debug.a(em_usbd.o)
 .text.USBD_ArmEpN
                0x00029a88       0x28 ./../Libraries/EMlib/debug/libEMLib_efm32_debug.a(em_usbd.o)
 .text.USBD_GetEpFromAddr
                0x00029ab0       0xa0 ./../Libraries/EMlib/debug/libEMLib_efm32_debug.a(em_usbd.o)
 .text.USBD_Disconnect
                0x00029b50       0x14 ./../Libraries/EMlib/debug/libEMLib_efm32_debug.a(em_usbd.o)
                0x00029b50                USBD_Disconnect
 .text.USBD_GetUsbState
                0x00029b64       0x1c ./../Libraries/EMlib/debug/libEMLib_efm32_debug.a(em_usbd.o)
                0x00029b64                USBD_GetUsbState
 .text.USBD_Init
                0x00029b80      0x4fc ./../Libraries/EMlib/debug/libEMLib_efm32_debug.a(em_usbd.o)
                0x00029b80                USBD_Init
 .text.USBD_Read
                0x0002a07c      0x108 ./../Libraries/EMlib/debug/libEMLib_efm32_debug.a(em_usbd.o)
                0x0002a07c                USBD_Read
 .text.USBD_SetUsbState
                0x0002a184       0x98 ./../Libraries/EMlib/debug/libEMLib_efm32_debug.a(em_usbd.o)
                0x0002a184                USBD_SetUsbState
 .text.USBD_Write
                0x0002a21c      0x10c ./../Libraries/EMlib/debug/libEMLib_efm32_debug.a(em_usbd.o)
                0x0002a21c                USBD_Write
 .text.NVIC_ClearPendingIRQ
                0x0002a328       0x3c ./../Libraries/EMlib/debug/libEMLib_efm32_debug.a(em_usbhal.o)
 .text.INT_Disable
                0x0002a364       0x40 ./../Libraries/EMlib/debug/libEMLib_efm32_debug.a(em_usbhal.o)
 .text.INT_Enable
                0x0002a3a4       0x54 ./../Libraries/EMlib/debug/libEMLib_efm32_debug.a(em_usbhal.o)
 .text.USBHAL_FlushRxFifo
                0x0002a3f8       0x3c ./../Libraries/EMlib/debug/libEMLib_efm32_debug.a(em_usbhal.o)
 .text.USBHAL_FlushTxFifo
                0x0002a434       0x4c ./../Libraries/EMlib/debug/libEMLib_efm32_debug.a(em_usbhal.o)
 .text.USBDHAL_DeactivateEp
                0x0002a480       0x88 ./../Libraries/EMlib/debug/libEMLib_efm32_debug.a(em_usbhal.o)
 .text.USBDHAL_GetInEpInts
                0x0002a508       0x44 ./../Libraries/EMlib/debug/libEMLib_efm32_debug.a(em_usbhal.o)
 .text.USBDHAL_GetOutEpInts
                0x0002a54c       0x44 ./../Libraries/EMlib/debug/libEMLib_efm32_debug.a(em_usbhal.o)
 .text.USBDHAL_SetEPDISNAK
                0x0002a590       0xac ./../Libraries/EMlib/debug/libEMLib_efm32_debug.a(em_usbhal.o)
 .text.USBD_GetEpFromAddr
                0x0002a63c       0xa0 ./../Libraries/EMlib/debug/libEMLib_efm32_debug.a(em_usbhal.o)
 .text.USBHAL_CoreReset
                0x0002a6dc       0xbc ./../Libraries/EMlib/debug/libEMLib_efm32_debug.a(em_usbhal.o)
                0x0002a6dc                USBHAL_CoreReset
 .text.USBDHAL_CoreInit
                0x0002a798      0x3ec ./../Libraries/EMlib/debug/libEMLib_efm32_debug.a(em_usbhal.o)
                0x0002a798                USBDHAL_CoreInit
 .text.USBDHAL_Disconnect
                0x0002ab84       0x3c ./../Libraries/EMlib/debug/libEMLib_efm32_debug.a(em_usbhal.o)
                0x0002ab84                USBDHAL_Disconnect
 .text.USBDHAL_AbortAllEps
                0x0002abc0      0x53c ./../Libraries/EMlib/debug/libEMLib_efm32_debug.a(em_usbhal.o)
                0x0002abc0                USBDHAL_AbortAllEps
 .text.USBDHAL_AbortAllTransfers
                0x0002b0fc       0xc8 ./../Libraries/EMlib/debug/libEMLib_efm32_debug.a(em_usbhal.o)
                0x0002b0fc                USBDHAL_AbortAllTransfers
 .text.USBDHAL_ReenableEp0Setup
                0x0002b1c4       0x60 ./../Libraries/EMlib/debug/libEMLib_efm32_debug.a(em_usbdep.o)
 .text.USBDHAL_StallEp
                0x0002b224       0xcc ./../Libraries/EMlib/debug/libEMLib_efm32_debug.a(em_usbdep.o)
 .text.USBDHAL_StartEp0In
                0x0002b2f0       0x5c ./../Libraries/EMlib/debug/libEMLib_efm32_debug.a(em_usbdep.o)
 .text.USBDHAL_StartEp0Out
                0x0002b34c       0x5c ./../Libraries/EMlib/debug/libEMLib_efm32_debug.a(em_usbdep.o)
 .text.USBD_GetEpFromAddr
                0x0002b3a8       0xa0 ./../Libraries/EMlib/debug/libEMLib_efm32_debug.a(em_usbdep.o)
 .text.USBD_ReArmEp0
                0x0002b448       0x64 ./../Libraries/EMlib/debug/libEMLib_efm32_debug.a(em_usbdep.o)
 .text.USBDEP_Ep0Handler
                0x0002b4ac      0x300 ./../Libraries/EMlib/debug/libEMLib_efm32_debug.a(em_usbdep.o)
                0x0002b4ac                USBDEP_Ep0Handler
 .text.USBDEP_EpHandler
                0x0002b7ac       0x60 ./../Libraries/EMlib/debug/libEMLib_efm32_debug.a(em_usbdep.o)
                0x0002b7ac                USBDEP_EpHandler
 .text.TIMER_CounterGet
                0x0002b80c       0x18 ./../Libraries/EMlib/debug/libEMLib_efm32_debug.a(em_usbtimer.o)
 .text.TIMER_TopSet
                0x0002b824       0x1c ./../Libraries/EMlib/debug/libEMLib_efm32_debug.a(em_usbtimer.o)
 .text.DelayTicks
                0x0002b840       0x4c ./../Libraries/EMlib/debug/libEMLib_efm32_debug.a(em_usbtimer.o)
 .text.USBTIMER_DelayMs
                0x0002b88c       0x84 ./../Libraries/EMlib/debug/libEMLib_efm32_debug.a(em_usbtimer.o)
                0x0002b88c                USBTIMER_DelayMs
 .text.USBTIMER_DelayUs
                0x0002b910      0x124 ./../Libraries/EMlib/debug/libEMLib_efm32_debug.a(em_usbtimer.o)
                0x0002b910                USBTIMER_DelayUs
 .text.USBTIMER_Init
                0x0002ba34      0x188 ./../Libraries/EMlib/debug/libEMLib_efm32_debug.a(em_usbtimer.o)
                0x0002ba34                USBTIMER_Init
 .text.GetProdRev
                0x0002bbbc       0x1c ./../Libraries/EMlib/debug/libEMLib_efm32_debug.a(system_efm32gg.o)
 .text.SystemCoreClockGet
                0x0002bbd8       0x58 ./../Libraries/EMlib/debug/libEMLib_efm32_debug.a(system_efm32gg.o)
                0x0002bbd8                SystemCoreClockGet
 .text.SystemHFClockGet
                0x0002bc30      0x110 ./../Libraries/EMlib/debug/libEMLib_efm32_debug.a(system_efm32gg.o)
                0x0002bc30                SystemHFClockGet
 .text.SystemHFXOClockGet
                0x0002bd40       0x18 ./../Libraries/EMlib/debug/libEMLib_efm32_debug.a(system_efm32gg.o)
                0x0002bd40                SystemHFXOClockGet
 .text.SystemInit
                0x0002bd58        0xc ./../Libraries/EMlib/debug/libEMLib_efm32_debug.a(system_efm32gg.o)
                0x0002bd58                SystemInit
 .text.SystemLFRCOClockGet
                0x0002bd64       0x10 ./../Libraries/EMlib/debug/libEMLib_efm32_debug.a(system_efm32gg.o)
                0x0002bd64                SystemLFRCOClockGet
 .text.SystemULFRCOClockGet
                0x0002bd74       0x10 ./../Libraries/EMlib/debug/libEMLib_efm32_debug.a(system_efm32gg.o)
                0x0002bd74                SystemULFRCOClockGet
 .text.SystemLFXOClockGet
                0x0002bd84       0x18 ./../Libraries/EMlib/debug/libEMLib_efm32_debug.a(system_efm32gg.o)
                0x0002bd84                SystemLFXOClockGet
 .text.TIMER_Init
                0x0002bd9c      0x134 ./../Libraries/EMlib/debug/libEMLib_efm32_debug.a(em_timer.o)
                0x0002bd9c                TIMER_Init
 .text.TIMER_InitCC
                0x0002bed0       0xec ./../Libraries/EMlib/debug/libEMLib_efm32_debug.a(em_timer.o)
                0x0002bed0                TIMER_InitCC
 .text.USBDHAL_ActivateEp
                0x0002bfbc      0x148 ./../Libraries/EMlib/debug/libEMLib_efm32_debug.a(em_usbdch9.o)
 .text.USBDHAL_DeactivateEp
                0x0002c104       0x88 ./../Libraries/EMlib/debug/libEMLib_efm32_debug.a(em_usbdch9.o)
 .text.USBDHAL_GetStallStatusEp
                0x0002c18c       0xc0 ./../Libraries/EMlib/debug/libEMLib_efm32_debug.a(em_usbdch9.o)
 .text.USBDHAL_SetAddr
                0x0002c24c       0x3c ./../Libraries/EMlib/debug/libEMLib_efm32_debug.a(em_usbdch9.o)
 .text.USBDHAL_StallEp
                0x0002c288       0xcc ./../Libraries/EMlib/debug/libEMLib_efm32_debug.a(em_usbdch9.o)
 .text.USBDHAL_UnStallEp
                0x0002c354       0xe4 ./../Libraries/EMlib/debug/libEMLib_efm32_debug.a(em_usbdch9.o)
 .text.USBD_ActivateAllEps
                0x0002c438       0x54 ./../Libraries/EMlib/debug/libEMLib_efm32_debug.a(em_usbdch9.o)
 .text.USBD_DeactivateAllEps
                0x0002c48c       0x68 ./../Libraries/EMlib/debug/libEMLib_efm32_debug.a(em_usbdch9.o)
 .text.USBD_GetEpFromAddr
                0x0002c4f4       0xa0 ./../Libraries/EMlib/debug/libEMLib_efm32_debug.a(em_usbdch9.o)
 .text.USBDCH9_SetupCmd
                0x0002c594       0xec ./../Libraries/EMlib/debug/libEMLib_efm32_debug.a(em_usbdch9.o)
                0x0002c594                USBDCH9_SetupCmd
 .text.ClearFeature
                0x0002c680       0xcc ./../Libraries/EMlib/debug/libEMLib_efm32_debug.a(em_usbdch9.o)
 .text.GetConfiguration
                0x0002c74c       0xb8 ./../Libraries/EMlib/debug/libEMLib_efm32_debug.a(em_usbdch9.o)
 .text.GetDescriptor
                0x0002c804      0x10c ./../Libraries/EMlib/debug/libEMLib_efm32_debug.a(em_usbdch9.o)
 .text.GetInterface
                0x0002c910       0x94 ./../Libraries/EMlib/debug/libEMLib_efm32_debug.a(em_usbdch9.o)
 .text.GetStatus
                0x0002c9a4      0x1b4 ./../Libraries/EMlib/debug/libEMLib_efm32_debug.a(em_usbdch9.o)
 .text.SetAddress
                0x0002cb58       0xb4 ./../Libraries/EMlib/debug/libEMLib_efm32_debug.a(em_usbdch9.o)
 .text.SetConfiguration
                0x0002cc0c      0x10c ./../Libraries/EMlib/debug/libEMLib_efm32_debug.a(em_usbdch9.o)
 .text.SetFeature
                0x0002cd18      0x100 ./../Libraries/EMlib/debug/libEMLib_efm32_debug.a(em_usbdch9.o)
 .text.SetInterface
                0x0002ce18       0x68 ./../Libraries/EMlib/debug/libEMLib_efm32_debug.a(em_usbdch9.o)
 .text._sl_GetStartResponseConvert
                0x0002ce80       0x28 ./../Libraries/WiFi/debug/libWiFi_efm32_debug.a(device.o)
 .text.sl_Start
                0x0002cea8      0x130 ./../Libraries/WiFi/debug/libWiFi_efm32_debug.a(device.o)
                0x0002cea8                sl_Start
 .text._sl_HandleAsync_InitComplete
                0x0002cfd8       0xe8 ./../Libraries/WiFi/debug/libWiFi_efm32_debug.a(device.o)
                0x0002cfd8                _sl_HandleAsync_InitComplete
 .text._sl_HandleAsync_Stop
                0x0002d0c0       0x90 ./../Libraries/WiFi/debug/libWiFi_efm32_debug.a(device.o)
                0x0002d0c0                _sl_HandleAsync_Stop
 .text.sl_Stop  0x0002d150      0x110 ./../Libraries/WiFi/debug/libWiFi_efm32_debug.a(device.o)
                0x0002d150                sl_Stop
 .text.sl_DevSet
                0x0002d260       0x94 ./../Libraries/WiFi/debug/libWiFi_efm32_debug.a(device.o)
                0x0002d260                sl_DevSet
 .text._SlDrvDeviceEventHandler
                0x0002d2f4       0xb8 ./../Libraries/WiFi/debug/libWiFi_efm32_debug.a(device.o)
                0x0002d2f4                _SlDrvDeviceEventHandler
 .text._SlDrvProtectAsyncRespSetting
                0x0002d3ac       0x5c ./../Libraries/WiFi/debug/libWiFi_efm32_debug.a(driver.o)
                0x0002d3ac                _SlDrvProtectAsyncRespSetting
 .text._SlDrvDriverCBInit
                0x0002d408      0x25c ./../Libraries/WiFi/debug/libWiFi_efm32_debug.a(driver.o)
                0x0002d408                _SlDrvDriverCBInit
 .text._SlDrvDriverCBDeinit
                0x0002d664      0x190 ./../Libraries/WiFi/debug/libWiFi_efm32_debug.a(driver.o)
                0x0002d664                _SlDrvDriverCBDeinit
 .text._SlDrvRxIrqHandler
                0x0002d7f4       0x80 ./../Libraries/WiFi/debug/libWiFi_efm32_debug.a(driver.o)
                0x0002d7f4                _SlDrvRxIrqHandler
 .text._SlDrvCmdOp
                0x0002d874       0xe4 ./../Libraries/WiFi/debug/libWiFi_efm32_debug.a(driver.o)
                0x0002d874                _SlDrvCmdOp
 .text._SlDrvDataReadOp
                0x0002d958      0x270 ./../Libraries/WiFi/debug/libWiFi_efm32_debug.a(driver.o)
                0x0002d958                _SlDrvDataReadOp
 .text._SlDrvDataWriteOp
                0x0002dbc8      0x1c8 ./../Libraries/WiFi/debug/libWiFi_efm32_debug.a(driver.o)
                0x0002dbc8                _SlDrvDataWriteOp
 .text._SlDrvMsgWrite
                0x0002dd90      0x248 ./../Libraries/WiFi/debug/libWiFi_efm32_debug.a(driver.o)
 .text._SlDrvMsgRead
                0x0002dfd8      0x7a0 ./../Libraries/WiFi/debug/libWiFi_efm32_debug.a(driver.o)
 .text._SlAsyncEventGenericHandler
                0x0002e778      0x120 ./../Libraries/WiFi/debug/libWiFi_efm32_debug.a(driver.o)
 .text._SlDrvMsgReadCmdCtx
                0x0002e898      0x19c ./../Libraries/WiFi/debug/libWiFi_efm32_debug.a(driver.o)
 .text._SlDrvMsgReadSpawnCtx
                0x0002ea34      0x10c ./../Libraries/WiFi/debug/libWiFi_efm32_debug.a(driver.o)
                0x0002ea34                _SlDrvMsgReadSpawnCtx
 .text._SlDrvClassifyRxMsg
                0x0002eb40       0xf0 ./../Libraries/WiFi/debug/libWiFi_efm32_debug.a(driver.o)
 .text._SlDrvRxHdrRead
                0x0002ec30      0x2d4 ./../Libraries/WiFi/debug/libWiFi_efm32_debug.a(driver.o)
 .text._SlDrvCmdSend
                0x0002ef04       0x9c ./../Libraries/WiFi/debug/libWiFi_efm32_debug.a(driver.o)
                0x0002ef04                _SlDrvCmdSend
 .text._SlDrvWaitForPoolObj
                0x0002efa0      0x254 ./../Libraries/WiFi/debug/libWiFi_efm32_debug.a(driver.o)
                0x0002efa0                _SlDrvWaitForPoolObj
 .text._SlDrvReleasePoolObj
                0x0002f1f4      0x2fc ./../Libraries/WiFi/debug/libWiFi_efm32_debug.a(driver.o)
                0x0002f1f4                _SlDrvReleasePoolObj
 .text._SlRemoveFromList
                0x0002f4f0      0x114 ./../Libraries/WiFi/debug/libWiFi_efm32_debug.a(driver.o)
 .text._SlFindAndSetActiveObj
                0x0002f604      0x1f4 ./../Libraries/WiFi/debug/libWiFi_efm32_debug.a(driver.o)
 .text._SlDrvDispatchHttpServerEvents
                0x0002f7f8       0x1c ./../Libraries/WiFi/debug/libWiFi_efm32_debug.a(driver.o)
                0x0002f7f8                _SlDrvDispatchHttpServerEvents
 .text._SlDrvSyncObjSignal
                0x0002f814       0x30 ./../Libraries/WiFi/debug/libWiFi_efm32_debug.a(driver.o)
                0x0002f814                _SlDrvSyncObjSignal
 .text._SlDrvObjLockWaitForever
                0x0002f844       0x34 ./../Libraries/WiFi/debug/libWiFi_efm32_debug.a(driver.o)
                0x0002f844                _SlDrvObjLockWaitForever
 .text._SlDrvProtectionObjLockWaitForever
                0x0002f878       0x40 ./../Libraries/WiFi/debug/libWiFi_efm32_debug.a(driver.o)
                0x0002f878                _SlDrvProtectionObjLockWaitForever
 .text._SlDrvObjUnLock
                0x0002f8b8       0x30 ./../Libraries/WiFi/debug/libWiFi_efm32_debug.a(driver.o)
                0x0002f8b8                _SlDrvObjUnLock
 .text._SlDrvProtectionObjUnLock
                0x0002f8e8       0x3c ./../Libraries/WiFi/debug/libWiFi_efm32_debug.a(driver.o)
                0x0002f8e8                _SlDrvProtectionObjUnLock
 .text._SlDrvObjGlobalLockWaitForever
                0x0002f924       0x3c ./../Libraries/WiFi/debug/libWiFi_efm32_debug.a(driver.o)
 .text._SlDrvGlobalObjUnLock
                0x0002f960       0x3c ./../Libraries/WiFi/debug/libWiFi_efm32_debug.a(driver.o)
                0x0002f960                _SlDrvGlobalObjUnLock
 .text._SlDrvMemZero
                0x0002f99c       0x24 ./../Libraries/WiFi/debug/libWiFi_efm32_debug.a(driver.o)
                0x0002f99c                _SlDrvMemZero
 .text._SlDrvResetCmdExt
                0x0002f9c0       0x1c ./../Libraries/WiFi/debug/libWiFi_efm32_debug.a(driver.o)
                0x0002f9c0                _SlDrvResetCmdExt
 .text._SlDrvSyncObjWaitForever
                0x0002f9dc       0x38 ./../Libraries/WiFi/debug/libWiFi_efm32_debug.a(driver.o)
                0x0002f9dc                _SlDrvSyncObjWaitForever
 .text._SlDrvSyncObjWaitTimeout
                0x0002fa14       0x58 ./../Libraries/WiFi/debug/libWiFi_efm32_debug.a(driver.o)
                0x0002fa14                _SlDrvSyncObjWaitTimeout
 .text._SlDriverHandleError
                0x0002fa6c       0xb4 ./../Libraries/WiFi/debug/libWiFi_efm32_debug.a(driver.o)
                0x0002fa6c                _SlDriverHandleError
 .text._sl_Strlen
                0x0002fb20       0x48 ./../Libraries/WiFi/debug/libWiFi_efm32_debug.a(fs.o)
 .text._sl_GetCreateFsMode
                0x0002fb68       0xd0 ./../Libraries/WiFi/debug/libWiFi_efm32_debug.a(fs.o)
                0x0002fb68                _sl_GetCreateFsMode
 .text.sl_FsOpen
                0x0002fc38       0xb0 ./../Libraries/WiFi/debug/libWiFi_efm32_debug.a(fs.o)
                0x0002fc38                sl_FsOpen
 .text.sl_FsClose
                0x0002fce8       0xc4 ./../Libraries/WiFi/debug/libWiFi_efm32_debug.a(fs.o)
                0x0002fce8                sl_FsClose
 .text.sl_NetAppStop
                0x0002fdac       0x58 ./../Libraries/WiFi/debug/libWiFi_efm32_debug.a(netapp.o)
                0x0002fdac                sl_NetAppStop
 .text._sl_HandleAsync_DnsGetHostByService
                0x0002fe04      0x114 ./../Libraries/WiFi/debug/libWiFi_efm32_debug.a(netapp.o)
                0x0002fe04                _sl_HandleAsync_DnsGetHostByService
 .text.sl_NetAppDnsGetHostByName
                0x0002ff18      0x194 ./../Libraries/WiFi/debug/libWiFi_efm32_debug.a(netapp.o)
                0x0002ff18                sl_NetAppDnsGetHostByName
 .text._sl_HandleAsync_DnsGetHostByName
                0x000300ac      0x108 ./../Libraries/WiFi/debug/libWiFi_efm32_debug.a(netapp.o)
                0x000300ac                _sl_HandleAsync_DnsGetHostByName
 .text.CopyPingResultsToReport
                0x000301b4       0x44 ./../Libraries/WiFi/debug/libWiFi_efm32_debug.a(netapp.o)
 .text._sl_HandleAsync_PingResponse
                0x000301f8       0xf4 ./../Libraries/WiFi/debug/libWiFi_efm32_debug.a(netapp.o)
                0x000301f8                _sl_HandleAsync_PingResponse
 .text._sl_NetAppSendTokenValue
                0x000302ec       0x88 ./../Libraries/WiFi/debug/libWiFi_efm32_debug.a(netapp.o)
                0x000302ec                _sl_NetAppSendTokenValue
 .text._SlDrvNetAppEventHandler
                0x00030374      0x148 ./../Libraries/WiFi/debug/libWiFi_efm32_debug.a(netapp.o)
                0x00030374                _SlDrvNetAppEventHandler
 .text._sl_BuildAddress
                0x000304bc       0x60 ./../Libraries/WiFi/debug/libWiFi_efm32_debug.a(socket.o)
 .text._sl_TruncatePayloadByProtocol
                0x0003051c       0x44 ./../Libraries/WiFi/debug/libWiFi_efm32_debug.a(socket.o)
 .text.sl_Socket
                0x00030560       0x7c ./../Libraries/WiFi/debug/libWiFi_efm32_debug.a(socket.o)
                0x00030560                sl_Socket
 .text.sl_Close
                0x000305dc       0x5c ./../Libraries/WiFi/debug/libWiFi_efm32_debug.a(socket.o)
                0x000305dc                sl_Close
 .text.sl_Connect
                0x00030638      0x1b0 ./../Libraries/WiFi/debug/libWiFi_efm32_debug.a(socket.o)
                0x00030638                sl_Connect
 .text._sl_HandleAsync_Connect
                0x000307e8       0xd4 ./../Libraries/WiFi/debug/libWiFi_efm32_debug.a(socket.o)
                0x000307e8                _sl_HandleAsync_Connect
 .text.sl_Send  0x000308bc      0x124 ./../Libraries/WiFi/debug/libWiFi_efm32_debug.a(socket.o)
                0x000308bc                sl_Send
 .text.sl_Htonl
                0x000309e0       0x58 ./../Libraries/WiFi/debug/libWiFi_efm32_debug.a(socket.o)
                0x000309e0                sl_Htonl
 .text.sl_Htons
                0x00030a38       0x48 ./../Libraries/WiFi/debug/libWiFi_efm32_debug.a(socket.o)
                0x00030a38                sl_Htons
 .text._sl_HandleAsync_Accept
                0x00030a80       0xa8 ./../Libraries/WiFi/debug/libWiFi_efm32_debug.a(socket.o)
                0x00030a80                _sl_HandleAsync_Accept
 .text._sl_HandleAsync_Select
                0x00030b28       0x94 ./../Libraries/WiFi/debug/libWiFi_efm32_debug.a(socket.o)
                0x00030b28                _sl_HandleAsync_Select
 .text.sl_Recv  0x00030bbc       0x90 ./../Libraries/WiFi/debug/libWiFi_efm32_debug.a(socket.o)
                0x00030bbc                sl_Recv
 .text.sl_SetSockOpt
                0x00030c4c       0x94 ./../Libraries/WiFi/debug/libWiFi_efm32_debug.a(socket.o)
                0x00030c4c                sl_SetSockOpt
 .text.sl_Select
                0x00030ce0      0x188 ./../Libraries/WiFi/debug/libWiFi_efm32_debug.a(socket.o)
                0x00030ce0                sl_Select
 .text.SL_FD_SET
                0x00030e68       0x30 ./../Libraries/WiFi/debug/libWiFi_efm32_debug.a(socket.o)
                0x00030e68                SL_FD_SET
 .text.SL_FD_ISSET
                0x00030e98       0x3c ./../Libraries/WiFi/debug/libWiFi_efm32_debug.a(socket.o)
                0x00030e98                SL_FD_ISSET
 .text.SL_FD_ZERO
                0x00030ed4       0x1c ./../Libraries/WiFi/debug/libWiFi_efm32_debug.a(socket.o)
                0x00030ed4                SL_FD_ZERO
 .text.Retcode_Initialize
                0x00030ef0       0x60 ./../Platform/Essentials/release/libEssentials_efm32.a(Retcode.o)
                0x00030ef0                Retcode_Initialize
 .text.Retcode_RaiseError
                0x00030f50       0x24 ./../Platform/Essentials/release/libEssentials_efm32.a(Retcode.o)
                0x00030f50                Retcode_RaiseError
 .text.Retcode_RaiseErrorFromIsr
                0x00030f74       0x24 ./../Platform/Essentials/release/libEssentials_efm32.a(Retcode.o)
                0x00030f74                Retcode_RaiseErrorFromIsr
 .text.RTC_IntClear
                0x00030f98       0x20 ./../Platform/Essentials/release/libEssentials_efm32.a(Timer.o)
 .text.RTC_IntDisable
                0x00030fb8       0x30 ./../Platform/Essentials/release/libEssentials_efm32.a(Timer.o)
 .text.RTC_IntGet
                0x00030fe8       0x18 ./../Platform/Essentials/release/libEssentials_efm32.a(Timer.o)
 .text.TIMER_IntClear
                0x00031000       0x1c ./../Platform/Essentials/release/libEssentials_efm32.a(Timer.o)
 .text.TIMER_IntDisable
                0x0003101c       0x24 ./../Platform/Essentials/release/libEssentials_efm32.a(Timer.o)
 .text.TIMER_IntGet
                0x00031040       0x18 ./../Platform/Essentials/release/libEssentials_efm32.a(Timer.o)
 .text.LETIMER_IntClear
                0x00031058       0x1c ./../Platform/Essentials/release/libEssentials_efm32.a(Timer.o)
 .text.LETIMER_IntDisable
                0x00031074       0x24 ./../Platform/Essentials/release/libEssentials_efm32.a(Timer.o)
 .text.LETIMER_IntGet
                0x00031098       0x18 ./../Platform/Essentials/release/libEssentials_efm32.a(Timer.o)
 .text.MCU_Timer_Initialize
                0x000310b0       0xe4 ./../Platform/Essentials/release/libEssentials_efm32.a(Timer.o)
                0x000310b0                MCU_Timer_Initialize
 .text.MCU_Timer_Callback
                0x00031194       0x5c ./../Platform/Essentials/release/libEssentials_efm32.a(Timer.o)
                0x00031194                MCU_Timer_Callback
 .text.ValidateTimerHandle
                0x000311f0       0x40 ./../Platform/Essentials/release/libEssentials_efm32.a(Timer.o)
 .text.getTimerEvent
                0x00031230       0xc8 ./../Platform/Essentials/release/libEssentials_efm32.a(Timer.o)
 .text.extractFlags_RTC
                0x000312f8       0x9c ./../Platform/Essentials/release/libEssentials_efm32.a(Timer.o)
 .text.extractFlags_LETIMER
                0x00031394       0x9c ./../Platform/Essentials/release/libEssentials_efm32.a(Timer.o)
 .text.extractFlags_TIMER
                0x00031430       0xd0 ./../Platform/Essentials/release/libEssentials_efm32.a(Timer.o)
 .text.MCU_Timer_GetRtcHandle
                0x00031500       0x14 ./../Platform/Essentials/release/libEssentials_efm32.a(Timer.o)
                0x00031500                MCU_Timer_GetRtcHandle
 .text.MCU_Timer_HandleRtcIrq
                0x00031514       0x14 ./../Platform/Essentials/release/libEssentials_efm32.a(Timer.o)
                0x00031514                MCU_Timer_HandleRtcIrq
 .text.CmdProcessor_Initialize
                0x00031528       0xe0 ./../Platform/Utils/release/libUtils_efm32.a(CmdProcessor.o)
                0x00031528                CmdProcessor_Initialize
 .text.CmdProcessor_Enqueue
                0x00031608       0x74 ./../Platform/Utils/release/libUtils_efm32.a(CmdProcessor.o)
                0x00031608                CmdProcessor_Enqueue
 .text.Run      0x0003167c       0x14 ./../Platform/Utils/release/libUtils_efm32.a(CmdProcessor.o)
 .text.Dequeue  0x00031690       0x80 ./../Platform/Utils/release/libUtils_efm32.a(CmdProcessor.o)
 .text.NVM_Initialize
                0x00031710       0x4c ./../Platform/Drivers/release/libDrivers_efm32.a(BCDS_NVM.o)
                0x00031710                NVM_Initialize
 .text.objectConsistencyCheck
                0x0003175c       0x58 ./../Platform/Drivers/release/libDrivers_efm32.a(BCDS_NVM.o)
 .text.NVM_Read
                0x000317b4       0x7c ./../Platform/Drivers/release/libDrivers_efm32.a(BCDS_NVM.o)
                0x000317b4                NVM_Read
 .text.itemConsistencyCheck
                0x00031830       0x50 ./../Platform/Drivers/release/libDrivers_efm32.a(BCDS_NVM.o)
 .text.NVM_Write
                0x00031880       0x94 ./../Platform/Drivers/release/libDrivers_efm32.a(BCDS_NVM.o)
                0x00031880                NVM_Write
 .text.NVM_Flush
                0x00031914       0x9c ./../Platform/Drivers/release/libDrivers_efm32.a(BCDS_NVM.o)
                0x00031914                NVM_Flush
 .text.sectionUpdateRequired
                0x000319b0       0x8c ./../Platform/Drivers/release/libDrivers_efm32.a(BCDS_NVM.o)
 .text.NVM_ReadUInt8
                0x00031a3c       0x40 ./../Platform/Drivers/release/libDrivers_efm32.a(BCDS_NVM.o)
                0x00031a3c                NVM_ReadUInt8
 .text.NVM_WriteUInt8
                0x00031a7c       0x40 ./../Platform/Drivers/release/libDrivers_efm32.a(BCDS_NVM.o)
                0x00031a7c                NVM_WriteUInt8
 .text.isLittleEndianPlatform
                0x00031abc       0x30 ./../Platform/Drivers/release/libDrivers_efm32.a(BCDS_NVM.o)
 .text.NVM_IsEndiannessDifferent
                0x00031aec       0x54 ./../Platform/Drivers/release/libDrivers_efm32.a(BCDS_NVM.o)
 .text.NVM_SwapBytes
                0x00031b40       0xc4 ./../Platform/Drivers/release/libDrivers_efm32.a(BCDS_NVM.o)
 .text.NetworkConfig_SlNetAppEvtHdlr
                0x00031c04       0xa0 ./../Platform/Wlan/release/libWlan_efm32.a(NetworkConfig.o)
                0x00031c04                NetworkConfig_SlNetAppEvtHdlr
 .text.NetworkConfig_GetIpStatus
                0x00031ca4       0x18 ./../Platform/Wlan/release/libWlan_efm32.a(NetworkConfig.o)
                0x00031ca4                NetworkConfig_GetIpStatus
 .text.NetworkConfig_SetIpStatus
                0x00031cbc       0x20 ./../Platform/Wlan/release/libWlan_efm32.a(NetworkConfig.o)
                0x00031cbc                NetworkConfig_SetIpStatus
 .text.NetworkConfig_SetIpDhcp
                0x00031cdc       0xac ./../Platform/Wlan/release/libWlan_efm32.a(NetworkConfig.o)
                0x00031cdc                NetworkConfig_SetIpDhcp
 .text.NetworkConfig_GetIpAddress
                0x00031d88       0x78 ./../Platform/Wlan/release/libWlan_efm32.a(NetworkConfig.o)
                0x00031d88                NetworkConfig_GetIpAddress
 .text.connectNonBlockingCall
                0x00031e00      0x184 ./../Platform/Wlan/release/libWlan_efm32.a(WlanConnect.o)
 .text.connectBlockingCall
                0x00031f84       0xb8 ./../Platform/Wlan/release/libWlan_efm32.a(WlanConnect.o)
 .text.WlanConnect_SlGeneralEventHdlr
                0x0003203c       0xa8 ./../Platform/Wlan/release/libWlan_efm32.a(WlanConnect.o)
                0x0003203c                WlanConnect_SlGeneralEventHdlr
 .text.WlanConnect_SLWlanEventHdlr
                0x000320e4       0x5c ./../Platform/Wlan/release/libWlan_efm32.a(WlanConnect.o)
                0x000320e4                WlanConnect_SLWlanEventHdlr
 .text.WlanConnect_GetInitStatus
                0x00032140       0x18 ./../Platform/Wlan/release/libWlan_efm32.a(WlanConnect.o)
                0x00032140                WlanConnect_GetInitStatus
 .text.WlanConnect_Init
                0x00032158       0xd0 ./../Platform/Wlan/release/libWlan_efm32.a(WlanConnect.o)
                0x00032158                WlanConnect_Init
 .text.NonBlockingTimer
                0x00032228       0xa0 ./../Platform/Wlan/release/libWlan_efm32.a(WlanConnect.o)
 .text.WlanConnect_WPA
                0x000322c8       0xc4 ./../Platform/Wlan/release/libWlan_efm32.a(WlanConnect.o)
                0x000322c8                WlanConnect_WPA
 .text.OsTime2Tick
                0x0003238c       0x44 ./../Platform/Wlan/release/libWlan_efm32.a(WlanDriver.o)
 .text.spiEventsCallbackFunc
                0x000323d0       0xd8 ./../Platform/Wlan/release/libWlan_efm32.a(WlanDriver.o)
 .text.CreateSpawnQAndTask
                0x000324a8       0x98 ./../Platform/Wlan/release/libWlan_efm32.a(WlanDriver.o)
 .text.WifiInterruptCallback
                0x00032540       0x24 ./../Platform/Wlan/release/libWlan_efm32.a(WlanDriver.o)
 .text.WlanDriver_Init
                0x00032564       0xa8 ./../Platform/Wlan/release/libWlan_efm32.a(WlanDriver.o)
                0x00032564                WlanDriver_Init
 .text.WlanDriver_RegInterruptHdlr
                0x0003260c       0x34 ./../Platform/Wlan/release/libWlan_efm32.a(WlanDriver.o)
                0x0003260c                WlanDriver_RegInterruptHdlr
 .text.WlanDriver_SlHttpServerCb